2025-09-20 14:22:00.197 [info] Reading sessions from keychain...
2025-09-20 14:22:00.197 [info] Getting sessions for all scopes...
2025-09-20 14:22:00.197 [info] Got 0 sessions for ...
2025-09-20 14:22:00.197 [info] Getting sessions for all scopes...
2025-09-20 14:22:00.197 [info] Got 0 sessions for ...
2025-09-20 14:22:00.197 [info] Getting sessions for all scopes...
2025-09-20 14:22:00.197 [info] Got 0 sessions for ...
2025-09-20 14:22:00.197 [info] Getting sessions for all scopes...
2025-09-20 14:22:00.197 [info] Got 0 sessions for ...
2025-09-20 14:22:00.197 [info] Getting sessions for all scopes...
2025-09-20 14:22:00.197 [info] Got 0 sessions for ...
2025-09-20 14:22:00.197 [info] Getting sessions for read:user,repo,user:email...
2025-09-20 14:22:00.197 [info] Got 0 sessions for read:user,repo,user:email...
2025-09-20 14:22:00.197 [info] Getting sessions for project,read:org,read:user,repo,user:email,workflow...
2025-09-20 14:22:00.197 [info] Got 0 sessions for project,read:org,read:user,repo,user:email,workflow...
2025-09-20 14:22:00.269 [info] Getting sessions for read:user,repo,user:email,workflow...
2025-09-20 14:22:00.269 [info] Got 0 sessions for read:user,repo,user:email,workflow...
2025-09-20 14:22:00.273 [info] Getting sessions for read:user,repo,user:email...
2025-09-20 14:22:00.274 [info] Got 0 sessions for read:user,repo,user:email...
2025-09-20 14:22:00.291 [info] Getting sessions for read:user,repo,user:email,workflow...
2025-09-20 14:22:00.291 [info] Got 0 sessions for read:user,repo,user:email,workflow...
