2025-09-20 14:21:52.435 [error] Unable to check if shell integration is active Error: Extension 'ms-python.python' CANNOT use API proposal: terminalDataWriteEvent.
Its package.json#enabledApiProposals-property declares:  but NOT terminalDataWriteEvent.
 The missing proposal MUST be added and you must start in extension development mode or use the following command line switch: --enable-proposed-api ms-python.python
    at T (file:///usr/lib/code/out/vs/workbench/api/node/extensionHostProcess.js:106:33255)
    at a.onDidWriteTerminalData (file:///usr/lib/code/out/vs/workbench/api/node/extensionHostProcess.js:199:112874)
    at new v (/home/thesynthax/.vscode-oss/extensions/ms-python.python-2024.18.1-linux-x64/out/client/extension.js:2:908863)
    at ge (/home/thesynthax/.vscode-oss/extensions/ms-python.python-2024.18.1-linux-x64/out/client/extension.js:2:1758437)
    at /home/thesynthax/.vscode-oss/extensions/ms-python.python-2024.18.1-linux-x64/out/client/extension.js:2:1761801
    at /home/thesynthax/.vscode-oss/extensions/ms-python.python-2024.18.1-linux-x64/out/client/extension.js:2:1761829
    at Se (/home/thesynthax/.vscode-oss/extensions/ms-python.python-2024.18.1-linux-x64/out/client/extension.js:2:1761896)
    at /home/thesynthax/.vscode-oss/extensions/ms-python.python-2024.18.1-linux-x64/out/client/extension.js:2:1762376
    at we (/home/thesynthax/.vscode-oss/extensions/ms-python.python-2024.18.1-linux-x64/out/client/extension.js:2:1762317)
    at Pe (/home/thesynthax/.vscode-oss/extensions/ms-python.python-2024.18.1-linux-x64/out/client/extension.js:2:1762351)
    at /home/thesynthax/.vscode-oss/extensions/ms-python.python-2024.18.1-linux-x64/out/client/extension.js:2:1759590
    at /home/thesynthax/.vscode-oss/extensions/ms-python.python-2024.18.1-linux-x64/out/client/extension.js:2:1761195
    at Array.reduce (<anonymous>)
    at /home/thesynthax/.vscode-oss/extensions/ms-python.python-2024.18.1-linux-x64/out/client/extension.js:2:1761167
    at /home/thesynthax/.vscode-oss/extensions/ms-python.python-2024.18.1-linux-x64/out/client/extension.js:2:1761449
    at /home/thesynthax/.vscode-oss/extensions/ms-python.python-2024.18.1-linux-x64/out/client/extension.js:2:1761829
    at Se (/home/thesynthax/.vscode-oss/extensions/ms-python.python-2024.18.1-linux-x64/out/client/extension.js:2:1761896)
    at /home/thesynthax/.vscode-oss/extensions/ms-python.python-2024.18.1-linux-x64/out/client/extension.js:2:1762376
    at we (/home/thesynthax/.vscode-oss/extensions/ms-python.python-2024.18.1-linux-x64/out/client/extension.js:2:1762317)
    at Pe (/home/thesynthax/.vscode-oss/extensions/ms-python.python-2024.18.1-linux-x64/out/client/extension.js:2:1762351)
    at /home/thesynthax/.vscode-oss/extensions/ms-python.python-2024.18.1-linux-x64/out/client/extension.js:2:1759590
    at /home/thesynthax/.vscode-oss/extensions/ms-python.python-2024.18.1-linux-x64/out/client/extension.js:2:1789260
    at /home/thesynthax/.vscode-oss/extensions/ms-python.python-2024.18.1-linux-x64/out/client/extension.js:2:1789281
    at e._get (/home/thesynthax/.vscode-oss/extensions/ms-python.python-2024.18.1-linux-x64/out/client/extension.js:2:1788294)
    at e._getButThrowIfAsync (/home/thesynthax/.vscode-oss/extensions/ms-python.python-2024.18.1-linux-x64/out/client/extension.js:2:1788354)
    at e.get (/home/thesynthax/.vscode-oss/extensions/ms-python.python-2024.18.1-linux-x64/out/client/extension.js:2:1784063)
    at e.dynamicValue (/home/thesynthax/.vscode-oss/extensions/ms-python.python-2024.18.1-linux-x64/out/client/extension.js:2:1773796)
    at /home/thesynthax/.vscode-oss/extensions/ms-python.python-2024.18.1-linux-x64/out/client/extension.js:2:1759973
    at Ee (/home/thesynthax/.vscode-oss/extensions/ms-python.python-2024.18.1-linux-x64/out/client/extension.js:2:1760229)
    at Se (/home/thesynthax/.vscode-oss/extensions/ms-python.python-2024.18.1-linux-x64/out/client/extension.js:2:1761945)
    at /home/thesynthax/.vscode-oss/extensions/ms-python.python-2024.18.1-linux-x64/out/client/extension.js:2:1762376
    at we (/home/thesynthax/.vscode-oss/extensions/ms-python.python-2024.18.1-linux-x64/out/client/extension.js:2:1762317)
    at Pe (/home/thesynthax/.vscode-oss/extensions/ms-python.python-2024.18.1-linux-x64/out/client/extension.js:2:1762351)
    at /home/thesynthax/.vscode-oss/extensions/ms-python.python-2024.18.1-linux-x64/out/client/extension.js:2:1759590
    at /home/thesynthax/.vscode-oss/extensions/ms-python.python-2024.18.1-linux-x64/out/client/extension.js:2:1759524
    at Array.map (<anonymous>)
    at /home/thesynthax/.vscode-oss/extensions/ms-python.python-2024.18.1-linux-x64/out/client/extension.js:2:1759495
    at /home/thesynthax/.vscode-oss/extensions/ms-python.python-2024.18.1-linux-x64/out/client/extension.js:2:1761195
    at Array.reduce (<anonymous>)
    at /home/thesynthax/.vscode-oss/extensions/ms-python.python-2024.18.1-linux-x64/out/client/extension.js:2:1761167
    at /home/thesynthax/.vscode-oss/extensions/ms-python.python-2024.18.1-linux-x64/out/client/extension.js:2:1761449
    at /home/thesynthax/.vscode-oss/extensions/ms-python.python-2024.18.1-linux-x64/out/client/extension.js:2:1761829
    at Se (/home/thesynthax/.vscode-oss/extensions/ms-python.python-2024.18.1-linux-x64/out/client/extension.js:2:1761896)
    at /home/thesynthax/.vscode-oss/extensions/ms-python.python-2024.18.1-linux-x64/out/client/extension.js:2:1762376
    at we (/home/thesynthax/.vscode-oss/extensions/ms-python.python-2024.18.1-linux-x64/out/client/extension.js:2:1762317)
    at Pe (/home/thesynthax/.vscode-oss/extensions/ms-python.python-2024.18.1-linux-x64/out/client/extension.js:2:1762351)
    at /home/thesynthax/.vscode-oss/extensions/ms-python.python-2024.18.1-linux-x64/out/client/extension.js:2:1759590
    at /home/thesynthax/.vscode-oss/extensions/ms-python.python-2024.18.1-linux-x64/out/client/extension.js:2:1789260
    at /home/thesynthax/.vscode-oss/extensions/ms-python.python-2024.18.1-linux-x64/out/client/extension.js:2:1789281
    at e._get (/home/thesynthax/.vscode-oss/extensions/ms-python.python-2024.18.1-linux-x64/out/client/extension.js:2:1788294)
    at e._getButThrowIfAsync (/home/thesynthax/.vscode-oss/extensions/ms-python.python-2024.18.1-linux-x64/out/client/extension.js:2:1788354)
    at e.get (/home/thesynthax/.vscode-oss/extensions/ms-python.python-2024.18.1-linux-x64/out/client/extension.js:2:1784063)
    at a.get (/home/thesynthax/.vscode-oss/extensions/ms-python.python-2024.18.1-linux-x64/out/client/extension.js:2:524841)
    at /home/thesynthax/.vscode-oss/extensions/ms-python.python-2024.18.1-linux-x64/out/client/extension.js:2:440433
    at t.activateComponents (/home/thesynthax/.vscode-oss/extensions/ms-python.python-2024.18.1-linux-x64/out/client/extension.js:2:438713)
    at /home/thesynthax/.vscode-oss/extensions/ms-python.python-2024.18.1-linux-x64/out/client/extension.js:2:2716168
    at e (/home/thesynthax/.vscode-oss/extensions/ms-python.python-2024.18.1-linux-x64/out/client/extension.js:2:2715700)
    at _b.n (file:///usr/lib/code/out/vs/workbench/api/node/extensionHostProcess.js:112:13382)
    at _b.m (file:///usr/lib/code/out/vs/workbench/api/node/extensionHostProcess.js:112:13345)
    at _b.l (file:///usr/lib/code/out/vs/workbench/api/node/extensionHostProcess.js:112:12801)
2025-09-20 14:21:52.463 [info] > /bin/python -I ~/.vscode-oss/extensions/ms-python.python-2024.18.1-linux-x64/python_files/get_output_via_markers.py ~/.vscode-oss/extensions/ms-python.python-2024.18.1-linux-x64/python_files/interpreterInfo.py
2025-09-20 14:21:58.275 [info] Starting Pylance language server.
