2025-09-20 15:37:31.386 [info] Reading sessions from keychain...
2025-09-20 15:37:31.386 [info] Getting sessions for all scopes...
2025-09-20 15:37:31.386 [info] Got 0 sessions for ...
2025-09-20 15:37:31.386 [info] Getting sessions for all scopes...
2025-09-20 15:37:31.386 [info] Got 0 sessions for ...
2025-09-20 15:37:31.386 [info] Getting sessions for all scopes...
2025-09-20 15:37:31.386 [info] Got 0 sessions for ...
2025-09-20 15:37:31.386 [info] Getting sessions for all scopes...
2025-09-20 15:37:31.386 [info] Got 0 sessions for ...
2025-09-20 15:37:31.386 [info] Getting sessions for all scopes...
2025-09-20 15:37:31.386 [info] Got 0 sessions for ...
2025-09-20 15:37:31.386 [info] Getting sessions for read:user,repo,user:email...
2025-09-20 15:37:31.386 [info] Got 0 sessions for read:user,repo,user:email...
2025-09-20 15:37:31.386 [info] Getting sessions for project,read:org,read:user,repo,user:email,workflow...
2025-09-20 15:37:31.386 [info] Got 0 sessions for project,read:org,read:user,repo,user:email,workflow...
2025-09-20 15:37:31.469 [info] Getting sessions for read:user,repo,user:email,workflow...
2025-09-20 15:37:31.584 [info] Got 0 sessions for read:user,repo,user:email,workflow...
2025-09-20 15:37:31.765 [info] Getting sessions for read:user,repo,user:email...
2025-09-20 15:37:31.765 [info] Got 0 sessions for read:user,repo,user:email...
2025-09-20 15:37:31.770 [info] Getting sessions for read:user,repo,user:email,workflow...
2025-09-20 15:37:31.770 [info] Got 0 sessions for read:user,repo,user:email,workflow...
2025-09-20 15:37:45.536 [info] Getting sessions for all scopes...
2025-09-20 15:37:45.536 [info] Got 0 sessions for ...
2025-09-20 15:38:16.112 [info] Getting sessions for all scopes...
2025-09-20 15:38:16.112 [info] Got 0 sessions for ...
2025-09-20 15:38:16.131 [info] Getting sessions for all scopes...
2025-09-20 15:38:16.131 [info] Got 0 sessions for ...
