Code - OSS (1.104.1, undefined, desktop)
Jupyter Extension Version: 2024.10.0.
Python Extension Version: 2024.18.1.
Pylance Extension Version: 2024.11.1.
Platform: linux (x64).
Temp Storage folder ~/.config/Code - OSS/User/globalStorage/ms-toolsai.jupyter/version-2024.10.0
No workspace folder opened.
14:21:49.617 [error] Error in activating extension, failed in vy [Error: Extension 'ms-toolsai.jupyter' CANNOT use API proposal: notebookKernelSource.
Its package.json#enabledApiProposals-property declares:  but NOT notebookKernelSource.
 The missing proposal MUST be added and you must start in extension development mode or use the following command line switch: --enable-proposed-api ms-toolsai.jupyter
	at T (file:///usr/lib/code/out/vs/workbench/api/node/extensionHostProcess.js:106:33255)
	at Object.createNotebookControllerDetectionTask (file:///usr/lib/code/out/vs/workbench/api/node/extensionHostProcess.js:199:126481)
	at i (/home/~/.vscode-oss/extensions/ms-toolsai.jupyter-2024.10.0-linux-x64/dist/extension.node.js:299:6260)
	at vy.startRefreshWithPython (/home/~/.vscode-oss/extensions/ms-toolsai.jupyter-2024.10.0-linux-x64/dist/extension.node.js:299:6483)
	at vy.activate (/home/~/.vscode-oss/extensions/ms-toolsai.jupyter-2024.10.0-linux-x64/dist/extension.node.js:299:4707)
	at /home/~/.vscode-oss/extensions/ms-toolsai.jupyter-2024.10.0-linux-x64/dist/extension.node.js:373:28170
	at Array.map (<anonymous>)
	at sI.activate (/home/~/.vscode-oss/extensions/ms-toolsai.jupyter-2024.10.0-linux-x64/dist/extension.node.js:373:28156)
	at NG (/home/~/.vscode-oss/extensions/ms-toolsai.jupyter-2024.10.0-linux-x64/dist/extension.node.js:436:2110)
	at async ohe (/home/~/.vscode-oss/extensions/ms-toolsai.jupyter-2024.10.0-linux-x64/dist/extension.node.js:438:454)]
14:21:49.619 [error] Error in activating extension, failed in Xy [Error: Extension 'ms-toolsai.jupyter' CANNOT use API proposal: notebookKernelSource.
Its package.json#enabledApiProposals-property declares:  but NOT notebookKernelSource.
 The missing proposal MUST be added and you must start in extension development mode or use the following command line switch: --enable-proposed-api ms-toolsai.jupyter
	at T (file:///usr/lib/code/out/vs/workbench/api/node/extensionHostProcess.js:106:33255)
	at Object.registerKernelSourceActionProvider (file:///usr/lib/code/out/vs/workbench/api/node/extensionHostProcess.js:199:126603)
	at Xy.activate (/home/~/.vscode-oss/extensions/ms-toolsai.jupyter-2024.10.0-linux-x64/dist/extension.node.js:304:117108)
	at /home/~/.vscode-oss/extensions/ms-toolsai.jupyter-2024.10.0-linux-x64/dist/extension.node.js:373:28170
	at Array.map (<anonymous>)
	at sI.activate (/home/~/.vscode-oss/extensions/ms-toolsai.jupyter-2024.10.0-linux-x64/dist/extension.node.js:373:28156)
	at NG (/home/~/.vscode-oss/extensions/ms-toolsai.jupyter-2024.10.0-linux-x64/dist/extension.node.js:436:2110)
	at async ohe (/home/~/.vscode-oss/extensions/ms-toolsai.jupyter-2024.10.0-linux-x64/dist/extension.node.js:438:454)]
14:21:50.493 [warn] Failed to attach variable provider Error: Extension 'ms-toolsai.jupyter' CANNOT use API proposal: notebookVariableProvider.
Its package.json#enabledApiProposals-property declares:  but NOT notebookVariableProvider.
 The missing proposal MUST be added and you must start in extension development mode or use the following command line switch: --enable-proposed-api ms-toolsai.jupyter
    at T (file:///usr/lib/code/out/vs/workbench/api/node/extensionHostProcess.js:106:33255)
    at Object.set variableProvider [as variableProvider] (file:///usr/lib/code/out/vs/workbench/api/node/extensionHostProcess.js:199:20966)
    at n.create (/home/~/.vscode-oss/extensions/ms-toolsai.jupyter-2024.10.0-linux-x64/dist/extension.node.js:304:87490)
    at /home/~/.vscode-oss/extensions/ms-toolsai.jupyter-2024.10.0-linux-x64/dist/extension.node.js:304:101806
    at Array.forEach (<anonymous>)
    at $y.addImpl (/home/~/.vscode-oss/extensions/ms-toolsai.jupyter-2024.10.0-linux-x64/dist/extension.node.js:304:101779)
    at /home/~/.vscode-oss/extensions/ms-toolsai.jupyter-2024.10.0-linux-x64/dist/extension.node.js:304:100765
    at Array.forEach (<anonymous>)
    at $y.batchAdd (/home/~/.vscode-oss/extensions/ms-toolsai.jupyter-2024.10.0-linux-x64/dist/extension.node.js:304:100735)
    at $y.createNotebookControllers (/home/~/.vscode-oss/extensions/ms-toolsai.jupyter-2024.10.0-linux-x64/dist/extension.node.js:304:99557)
    at $y.loadControllersImpl (/home/~/.vscode-oss/extensions/ms-toolsai.jupyter-2024.10.0-linux-x64/dist/extension.node.js:304:99017)
    at $y.loadControllers (/home/~/.vscode-oss/extensions/ms-toolsai.jupyter-2024.10.0-linux-x64/dist/extension.node.js:304:98767)
    at $y.<anonymous> (/home/~/.vscode-oss/extensions/ms-toolsai.jupyter-2024.10.0-linux-x64/dist/extension.node.js:304:97826)
    at $.C (file:///usr/lib/code/out/vs/workbench/api/node/extensionHostProcess.js:27:2373)
    at $.fire (file:///usr/lib/code/out/vs/workbench/api/node/extensionHostProcess.js:27:2591)
    at od.value (/home/~/.vscode-oss/extensions/ms-toolsai.jupyter-2024.10.0-linux-x64/dist/extension.node.js:285:19835)
    at $.C (file:///usr/lib/code/out/vs/workbench/api/node/extensionHostProcess.js:27:2373)
    at $.D (file:///usr/lib/code/out/vs/workbench/api/node/extensionHostProcess.js:27:2443)
    at $.fire (file:///usr/lib/code/out/vs/workbench/api/node/extensionHostProcess.js:27:2660)
    at tb.buildDummyEnvironment (/home/~/.vscode-oss/extensions/ms-toolsai.jupyter-2024.10.0-linux-x64/dist/extension.node.js:304:146023)
14:21:50.494 [warn] Failed to attach variable provider Error: Extension 'ms-toolsai.jupyter' CANNOT use API proposal: notebookVariableProvider.
Its package.json#enabledApiProposals-property declares:  but NOT notebookVariableProvider.
 The missing proposal MUST be added and you must start in extension development mode or use the following command line switch: --enable-proposed-api ms-toolsai.jupyter
    at T (file:///usr/lib/code/out/vs/workbench/api/node/extensionHostProcess.js:106:33255)
    at Object.set variableProvider [as variableProvider] (file:///usr/lib/code/out/vs/workbench/api/node/extensionHostProcess.js:199:20966)
    at n.create (/home/~/.vscode-oss/extensions/ms-toolsai.jupyter-2024.10.0-linux-x64/dist/extension.node.js:304:87490)
    at /home/~/.vscode-oss/extensions/ms-toolsai.jupyter-2024.10.0-linux-x64/dist/extension.node.js:304:101806
    at Array.forEach (<anonymous>)
    at $y.addImpl (/home/~/.vscode-oss/extensions/ms-toolsai.jupyter-2024.10.0-linux-x64/dist/extension.node.js:304:101779)
    at /home/~/.vscode-oss/extensions/ms-toolsai.jupyter-2024.10.0-linux-x64/dist/extension.node.js:304:100765
    at Array.forEach (<anonymous>)
    at $y.batchAdd (/home/~/.vscode-oss/extensions/ms-toolsai.jupyter-2024.10.0-linux-x64/dist/extension.node.js:304:100735)
    at $y.createNotebookControllers (/home/~/.vscode-oss/extensions/ms-toolsai.jupyter-2024.10.0-linux-x64/dist/extension.node.js:304:99557)
    at $y.loadControllersImpl (/home/~/.vscode-oss/extensions/ms-toolsai.jupyter-2024.10.0-linux-x64/dist/extension.node.js:304:99017)
    at $y.loadControllers (/home/~/.vscode-oss/extensions/ms-toolsai.jupyter-2024.10.0-linux-x64/dist/extension.node.js:304:98767)
    at $y.<anonymous> (/home/~/.vscode-oss/extensions/ms-toolsai.jupyter-2024.10.0-linux-x64/dist/extension.node.js:304:97826)
    at $.C (file:///usr/lib/code/out/vs/workbench/api/node/extensionHostProcess.js:27:2373)
    at $.fire (file:///usr/lib/code/out/vs/workbench/api/node/extensionHostProcess.js:27:2591)
    at od.value (/home/~/.vscode-oss/extensions/ms-toolsai.jupyter-2024.10.0-linux-x64/dist/extension.node.js:285:19835)
    at $.C (file:///usr/lib/code/out/vs/workbench/api/node/extensionHostProcess.js:27:2373)
    at $.D (file:///usr/lib/code/out/vs/workbench/api/node/extensionHostProcess.js:27:2443)
    at $.fire (file:///usr/lib/code/out/vs/workbench/api/node/extensionHostProcess.js:27:2660)
    at tb.buildDummyEnvironment (/home/~/.vscode-oss/extensions/ms-toolsai.jupyter-2024.10.0-linux-x64/dist/extension.node.js:304:146023)
14:21:50.495 [warn] Failed to attach variable provider Error: Extension 'ms-toolsai.jupyter' CANNOT use API proposal: notebookVariableProvider.
Its package.json#enabledApiProposals-property declares:  but NOT notebookVariableProvider.
 The missing proposal MUST be added and you must start in extension development mode or use the following command line switch: --enable-proposed-api ms-toolsai.jupyter
    at T (file:///usr/lib/code/out/vs/workbench/api/node/extensionHostProcess.js:106:33255)
    at Object.set variableProvider [as variableProvider] (file:///usr/lib/code/out/vs/workbench/api/node/extensionHostProcess.js:199:20966)
    at n.create (/home/~/.vscode-oss/extensions/ms-toolsai.jupyter-2024.10.0-linux-x64/dist/extension.node.js:304:87490)
    at /home/~/.vscode-oss/extensions/ms-toolsai.jupyter-2024.10.0-linux-x64/dist/extension.node.js:304:101806
    at Array.forEach (<anonymous>)
    at $y.addImpl (/home/~/.vscode-oss/extensions/ms-toolsai.jupyter-2024.10.0-linux-x64/dist/extension.node.js:304:101779)
    at /home/~/.vscode-oss/extensions/ms-toolsai.jupyter-2024.10.0-linux-x64/dist/extension.node.js:304:100765
    at Array.forEach (<anonymous>)
    at $y.batchAdd (/home/~/.vscode-oss/extensions/ms-toolsai.jupyter-2024.10.0-linux-x64/dist/extension.node.js:304:100735)
    at $y.createNotebookControllers (/home/~/.vscode-oss/extensions/ms-toolsai.jupyter-2024.10.0-linux-x64/dist/extension.node.js:304:99557)
    at $y.loadControllersImpl (/home/~/.vscode-oss/extensions/ms-toolsai.jupyter-2024.10.0-linux-x64/dist/extension.node.js:304:99017)
    at $y.loadControllers (/home/~/.vscode-oss/extensions/ms-toolsai.jupyter-2024.10.0-linux-x64/dist/extension.node.js:304:98767)
    at $y.<anonymous> (/home/~/.vscode-oss/extensions/ms-toolsai.jupyter-2024.10.0-linux-x64/dist/extension.node.js:304:97826)
    at $.C (file:///usr/lib/code/out/vs/workbench/api/node/extensionHostProcess.js:27:2373)
    at $.fire (file:///usr/lib/code/out/vs/workbench/api/node/extensionHostProcess.js:27:2591)
    at od.value (/home/~/.vscode-oss/extensions/ms-toolsai.jupyter-2024.10.0-linux-x64/dist/extension.node.js:285:19835)
    at $.C (file:///usr/lib/code/out/vs/workbench/api/node/extensionHostProcess.js:27:2373)
    at $.D (file:///usr/lib/code/out/vs/workbench/api/node/extensionHostProcess.js:27:2443)
    at $.fire (file:///usr/lib/code/out/vs/workbench/api/node/extensionHostProcess.js:27:2660)
    at tb.buildDummyEnvironment (/home/~/.vscode-oss/extensions/ms-toolsai.jupyter-2024.10.0-linux-x64/dist/extension.node.js:304:146023)
14:21:50.496 [warn] Failed to attach variable provider Error: Extension 'ms-toolsai.jupyter' CANNOT use API proposal: notebookVariableProvider.
Its package.json#enabledApiProposals-property declares:  but NOT notebookVariableProvider.
 The missing proposal MUST be added and you must start in extension development mode or use the following command line switch: --enable-proposed-api ms-toolsai.jupyter
    at T (file:///usr/lib/code/out/vs/workbench/api/node/extensionHostProcess.js:106:33255)
    at Object.set variableProvider [as variableProvider] (file:///usr/lib/code/out/vs/workbench/api/node/extensionHostProcess.js:199:20966)
    at n.create (/home/~/.vscode-oss/extensions/ms-toolsai.jupyter-2024.10.0-linux-x64/dist/extension.node.js:304:87490)
    at /home/~/.vscode-oss/extensions/ms-toolsai.jupyter-2024.10.0-linux-x64/dist/extension.node.js:304:101806
    at Array.forEach (<anonymous>)
    at $y.addImpl (/home/~/.vscode-oss/extensions/ms-toolsai.jupyter-2024.10.0-linux-x64/dist/extension.node.js:304:101779)
    at /home/~/.vscode-oss/extensions/ms-toolsai.jupyter-2024.10.0-linux-x64/dist/extension.node.js:304:100765
    at Array.forEach (<anonymous>)
    at $y.batchAdd (/home/~/.vscode-oss/extensions/ms-toolsai.jupyter-2024.10.0-linux-x64/dist/extension.node.js:304:100735)
    at $y.createNotebookControllers (/home/~/.vscode-oss/extensions/ms-toolsai.jupyter-2024.10.0-linux-x64/dist/extension.node.js:304:99557)
    at $y.loadControllersImpl (/home/~/.vscode-oss/extensions/ms-toolsai.jupyter-2024.10.0-linux-x64/dist/extension.node.js:304:99017)
    at $y.loadControllers (/home/~/.vscode-oss/extensions/ms-toolsai.jupyter-2024.10.0-linux-x64/dist/extension.node.js:304:98767)
    at $y.<anonymous> (/home/~/.vscode-oss/extensions/ms-toolsai.jupyter-2024.10.0-linux-x64/dist/extension.node.js:304:97826)
    at $.C (file:///usr/lib/code/out/vs/workbench/api/node/extensionHostProcess.js:27:2373)
    at $.fire (file:///usr/lib/code/out/vs/workbench/api/node/extensionHostProcess.js:27:2591)
    at od.value (/home/~/.vscode-oss/extensions/ms-toolsai.jupyter-2024.10.0-linux-x64/dist/extension.node.js:285:19835)
    at $.C (file:///usr/lib/code/out/vs/workbench/api/node/extensionHostProcess.js:27:2373)
    at $.D (file:///usr/lib/code/out/vs/workbench/api/node/extensionHostProcess.js:27:2443)
    at $.fire (file:///usr/lib/code/out/vs/workbench/api/node/extensionHostProcess.js:27:2660)
    at tb.buildDummyEnvironment (/home/~/.vscode-oss/extensions/ms-toolsai.jupyter-2024.10.0-linux-x64/dist/extension.node.js:304:146023)
14:21:50.497 [warn] Failed to attach variable provider Error: Extension 'ms-toolsai.jupyter' CANNOT use API proposal: notebookVariableProvider.
Its package.json#enabledApiProposals-property declares:  but NOT notebookVariableProvider.
 The missing proposal MUST be added and you must start in extension development mode or use the following command line switch: --enable-proposed-api ms-toolsai.jupyter
    at T (file:///usr/lib/code/out/vs/workbench/api/node/extensionHostProcess.js:106:33255)
    at Object.set variableProvider [as variableProvider] (file:///usr/lib/code/out/vs/workbench/api/node/extensionHostProcess.js:199:20966)
    at n.create (/home/~/.vscode-oss/extensions/ms-toolsai.jupyter-2024.10.0-linux-x64/dist/extension.node.js:304:87490)
    at /home/~/.vscode-oss/extensions/ms-toolsai.jupyter-2024.10.0-linux-x64/dist/extension.node.js:304:101806
    at Array.forEach (<anonymous>)
    at $y.addImpl (/home/~/.vscode-oss/extensions/ms-toolsai.jupyter-2024.10.0-linux-x64/dist/extension.node.js:304:101779)
    at /home/~/.vscode-oss/extensions/ms-toolsai.jupyter-2024.10.0-linux-x64/dist/extension.node.js:304:100765
    at Array.forEach (<anonymous>)
    at $y.batchAdd (/home/~/.vscode-oss/extensions/ms-toolsai.jupyter-2024.10.0-linux-x64/dist/extension.node.js:304:100735)
    at $y.createNotebookControllers (/home/~/.vscode-oss/extensions/ms-toolsai.jupyter-2024.10.0-linux-x64/dist/extension.node.js:304:99557)
    at $y.loadControllersImpl (/home/~/.vscode-oss/extensions/ms-toolsai.jupyter-2024.10.0-linux-x64/dist/extension.node.js:304:99017)
    at $y.loadControllers (/home/~/.vscode-oss/extensions/ms-toolsai.jupyter-2024.10.0-linux-x64/dist/extension.node.js:304:98767)
    at $y.<anonymous> (/home/~/.vscode-oss/extensions/ms-toolsai.jupyter-2024.10.0-linux-x64/dist/extension.node.js:304:97826)
    at $.C (file:///usr/lib/code/out/vs/workbench/api/node/extensionHostProcess.js:27:2373)
    at $.fire (file:///usr/lib/code/out/vs/workbench/api/node/extensionHostProcess.js:27:2591)
    at od.value (/home/~/.vscode-oss/extensions/ms-toolsai.jupyter-2024.10.0-linux-x64/dist/extension.node.js:285:19835)
    at $.C (file:///usr/lib/code/out/vs/workbench/api/node/extensionHostProcess.js:27:2373)
    at $.D (file:///usr/lib/code/out/vs/workbench/api/node/extensionHostProcess.js:27:2443)
    at $.fire (file:///usr/lib/code/out/vs/workbench/api/node/extensionHostProcess.js:27:2660)
    at tb.buildDummyEnvironment (/home/~/.vscode-oss/extensions/ms-toolsai.jupyter-2024.10.0-linux-x64/dist/extension.node.js:304:146023)
14:21:50.498 [warn] Failed to attach variable provider Error: Extension 'ms-toolsai.jupyter' CANNOT use API proposal: notebookVariableProvider.
Its package.json#enabledApiProposals-property declares:  but NOT notebookVariableProvider.
 The missing proposal MUST be added and you must start in extension development mode or use the following command line switch: --enable-proposed-api ms-toolsai.jupyter
    at T (file:///usr/lib/code/out/vs/workbench/api/node/extensionHostProcess.js:106:33255)
    at Object.set variableProvider [as variableProvider] (file:///usr/lib/code/out/vs/workbench/api/node/extensionHostProcess.js:199:20966)
    at n.create (/home/~/.vscode-oss/extensions/ms-toolsai.jupyter-2024.10.0-linux-x64/dist/extension.node.js:304:87490)
    at /home/~/.vscode-oss/extensions/ms-toolsai.jupyter-2024.10.0-linux-x64/dist/extension.node.js:304:101806
    at Array.forEach (<anonymous>)
    at $y.addImpl (/home/~/.vscode-oss/extensions/ms-toolsai.jupyter-2024.10.0-linux-x64/dist/extension.node.js:304:101779)
    at /home/~/.vscode-oss/extensions/ms-toolsai.jupyter-2024.10.0-linux-x64/dist/extension.node.js:304:100765
    at Array.forEach (<anonymous>)
    at $y.batchAdd (/home/~/.vscode-oss/extensions/ms-toolsai.jupyter-2024.10.0-linux-x64/dist/extension.node.js:304:100735)
    at $y.createNotebookControllers (/home/~/.vscode-oss/extensions/ms-toolsai.jupyter-2024.10.0-linux-x64/dist/extension.node.js:304:99557)
    at $y.loadControllersImpl (/home/~/.vscode-oss/extensions/ms-toolsai.jupyter-2024.10.0-linux-x64/dist/extension.node.js:304:99017)
    at $y.loadControllers (/home/~/.vscode-oss/extensions/ms-toolsai.jupyter-2024.10.0-linux-x64/dist/extension.node.js:304:98767)
    at $y.<anonymous> (/home/~/.vscode-oss/extensions/ms-toolsai.jupyter-2024.10.0-linux-x64/dist/extension.node.js:304:97826)
    at $.C (file:///usr/lib/code/out/vs/workbench/api/node/extensionHostProcess.js:27:2373)
    at $.fire (file:///usr/lib/code/out/vs/workbench/api/node/extensionHostProcess.js:27:2591)
    at od.value (/home/~/.vscode-oss/extensions/ms-toolsai.jupyter-2024.10.0-linux-x64/dist/extension.node.js:285:19835)
    at $.C (file:///usr/lib/code/out/vs/workbench/api/node/extensionHostProcess.js:27:2373)
    at $.D (file:///usr/lib/code/out/vs/workbench/api/node/extensionHostProcess.js:27:2443)
    at $.fire (file:///usr/lib/code/out/vs/workbench/api/node/extensionHostProcess.js:27:2660)
    at tb.buildDummyEnvironment (/home/~/.vscode-oss/extensions/ms-toolsai.jupyter-2024.10.0-linux-x64/dist/extension.node.js:304:146023)
14:21:50.499 [warn] Failed to attach variable provider Error: Extension 'ms-toolsai.jupyter' CANNOT use API proposal: notebookVariableProvider.
Its package.json#enabledApiProposals-property declares:  but NOT notebookVariableProvider.
 The missing proposal MUST be added and you must start in extension development mode or use the following command line switch: --enable-proposed-api ms-toolsai.jupyter
    at T (file:///usr/lib/code/out/vs/workbench/api/node/extensionHostProcess.js:106:33255)
    at Object.set variableProvider [as variableProvider] (file:///usr/lib/code/out/vs/workbench/api/node/extensionHostProcess.js:199:20966)
    at n.create (/home/~/.vscode-oss/extensions/ms-toolsai.jupyter-2024.10.0-linux-x64/dist/extension.node.js:304:87490)
    at /home/~/.vscode-oss/extensions/ms-toolsai.jupyter-2024.10.0-linux-x64/dist/extension.node.js:304:101806
    at Array.forEach (<anonymous>)
    at $y.addImpl (/home/~/.vscode-oss/extensions/ms-toolsai.jupyter-2024.10.0-linux-x64/dist/extension.node.js:304:101779)
    at /home/~/.vscode-oss/extensions/ms-toolsai.jupyter-2024.10.0-linux-x64/dist/extension.node.js:304:100765
    at Array.forEach (<anonymous>)
    at $y.batchAdd (/home/~/.vscode-oss/extensions/ms-toolsai.jupyter-2024.10.0-linux-x64/dist/extension.node.js:304:100735)
    at $y.createNotebookControllers (/home/~/.vscode-oss/extensions/ms-toolsai.jupyter-2024.10.0-linux-x64/dist/extension.node.js:304:99557)
    at $y.loadControllersImpl (/home/~/.vscode-oss/extensions/ms-toolsai.jupyter-2024.10.0-linux-x64/dist/extension.node.js:304:99017)
    at $y.loadControllers (/home/~/.vscode-oss/extensions/ms-toolsai.jupyter-2024.10.0-linux-x64/dist/extension.node.js:304:98767)
    at $y.<anonymous> (/home/~/.vscode-oss/extensions/ms-toolsai.jupyter-2024.10.0-linux-x64/dist/extension.node.js:304:97826)
    at $.C (file:///usr/lib/code/out/vs/workbench/api/node/extensionHostProcess.js:27:2373)
    at $.fire (file:///usr/lib/code/out/vs/workbench/api/node/extensionHostProcess.js:27:2591)
    at od.value (/home/~/.vscode-oss/extensions/ms-toolsai.jupyter-2024.10.0-linux-x64/dist/extension.node.js:285:19835)
    at $.C (file:///usr/lib/code/out/vs/workbench/api/node/extensionHostProcess.js:27:2373)
    at $.D (file:///usr/lib/code/out/vs/workbench/api/node/extensionHostProcess.js:27:2443)
    at $.fire (file:///usr/lib/code/out/vs/workbench/api/node/extensionHostProcess.js:27:2660)
    at tb.buildDummyEnvironment (/home/~/.vscode-oss/extensions/ms-toolsai.jupyter-2024.10.0-linux-x64/dist/extension.node.js:304:146023)
14:21:50.500 [warn] Failed to attach variable provider Error: Extension 'ms-toolsai.jupyter' CANNOT use API proposal: notebookVariableProvider.
Its package.json#enabledApiProposals-property declares:  but NOT notebookVariableProvider.
 The missing proposal MUST be added and you must start in extension development mode or use the following command line switch: --enable-proposed-api ms-toolsai.jupyter
    at T (file:///usr/lib/code/out/vs/workbench/api/node/extensionHostProcess.js:106:33255)
    at Object.set variableProvider [as variableProvider] (file:///usr/lib/code/out/vs/workbench/api/node/extensionHostProcess.js:199:20966)
    at n.create (/home/~/.vscode-oss/extensions/ms-toolsai.jupyter-2024.10.0-linux-x64/dist/extension.node.js:304:87490)
    at /home/~/.vscode-oss/extensions/ms-toolsai.jupyter-2024.10.0-linux-x64/dist/extension.node.js:304:101806
    at Array.forEach (<anonymous>)
    at $y.addImpl (/home/~/.vscode-oss/extensions/ms-toolsai.jupyter-2024.10.0-linux-x64/dist/extension.node.js:304:101779)
    at /home/~/.vscode-oss/extensions/ms-toolsai.jupyter-2024.10.0-linux-x64/dist/extension.node.js:304:100765
    at Array.forEach (<anonymous>)
    at $y.batchAdd (/home/~/.vscode-oss/extensions/ms-toolsai.jupyter-2024.10.0-linux-x64/dist/extension.node.js:304:100735)
    at $y.createNotebookControllers (/home/~/.vscode-oss/extensions/ms-toolsai.jupyter-2024.10.0-linux-x64/dist/extension.node.js:304:99557)
    at $y.loadControllersImpl (/home/~/.vscode-oss/extensions/ms-toolsai.jupyter-2024.10.0-linux-x64/dist/extension.node.js:304:99017)
    at $y.loadControllers (/home/~/.vscode-oss/extensions/ms-toolsai.jupyter-2024.10.0-linux-x64/dist/extension.node.js:304:98767)
    at $y.<anonymous> (/home/~/.vscode-oss/extensions/ms-toolsai.jupyter-2024.10.0-linux-x64/dist/extension.node.js:304:97826)
    at $.C (file:///usr/lib/code/out/vs/workbench/api/node/extensionHostProcess.js:27:2373)
    at $.fire (file:///usr/lib/code/out/vs/workbench/api/node/extensionHostProcess.js:27:2591)
    at od.value (/home/~/.vscode-oss/extensions/ms-toolsai.jupyter-2024.10.0-linux-x64/dist/extension.node.js:285:19835)
    at $.C (file:///usr/lib/code/out/vs/workbench/api/node/extensionHostProcess.js:27:2373)
    at $.D (file:///usr/lib/code/out/vs/workbench/api/node/extensionHostProcess.js:27:2443)
    at $.fire (file:///usr/lib/code/out/vs/workbench/api/node/extensionHostProcess.js:27:2660)
    at tb.buildDummyEnvironment (/home/~/.vscode-oss/extensions/ms-toolsai.jupyter-2024.10.0-linux-x64/dist/extension.node.js:304:146023)
14:21:52.437 [warn] Failed to attach variable provider Error: Extension 'ms-toolsai.jupyter' CANNOT use API proposal: notebookVariableProvider.
Its package.json#enabledApiProposals-property declares:  but NOT notebookVariableProvider.
 The missing proposal MUST be added and you must start in extension development mode or use the following command line switch: --enable-proposed-api ms-toolsai.jupyter
    at T (file:///usr/lib/code/out/vs/workbench/api/node/extensionHostProcess.js:106:33255)
    at Object.set variableProvider [as variableProvider] (file:///usr/lib/code/out/vs/workbench/api/node/extensionHostProcess.js:199:20966)
    at n.create (/home/~/.vscode-oss/extensions/ms-toolsai.jupyter-2024.10.0-linux-x64/dist/extension.node.js:304:87490)
    at /home/~/.vscode-oss/extensions/ms-toolsai.jupyter-2024.10.0-linux-x64/dist/extension.node.js:304:101806
    at Array.forEach (<anonymous>)
    at $y.addImpl (/home/~/.vscode-oss/extensions/ms-toolsai.jupyter-2024.10.0-linux-x64/dist/extension.node.js:304:101779)
    at /home/~/.vscode-oss/extensions/ms-toolsai.jupyter-2024.10.0-linux-x64/dist/extension.node.js:304:100765
    at Array.forEach (<anonymous>)
    at $y.batchAdd (/home/~/.vscode-oss/extensions/ms-toolsai.jupyter-2024.10.0-linux-x64/dist/extension.node.js:304:100735)
    at $y.createNotebookControllers (/home/~/.vscode-oss/extensions/ms-toolsai.jupyter-2024.10.0-linux-x64/dist/extension.node.js:304:99557)
    at $y.loadControllersImpl (/home/~/.vscode-oss/extensions/ms-toolsai.jupyter-2024.10.0-linux-x64/dist/extension.node.js:304:99017)
    at $y.loadControllers (/home/~/.vscode-oss/extensions/ms-toolsai.jupyter-2024.10.0-linux-x64/dist/extension.node.js:304:98767)
    at $y.<anonymous> (/home/~/.vscode-oss/extensions/ms-toolsai.jupyter-2024.10.0-linux-x64/dist/extension.node.js:304:97826)
    at $.C (file:///usr/lib/code/out/vs/workbench/api/node/extensionHostProcess.js:27:2373)
    at $.fire (file:///usr/lib/code/out/vs/workbench/api/node/extensionHostProcess.js:27:2591)
    at od.value (/home/~/.vscode-oss/extensions/ms-toolsai.jupyter-2024.10.0-linux-x64/dist/extension.node.js:285:19835)
    at $.C (file:///usr/lib/code/out/vs/workbench/api/node/extensionHostProcess.js:27:2373)
    at $.D (file:///usr/lib/code/out/vs/workbench/api/node/extensionHostProcess.js:27:2443)
    at $.fire (file:///usr/lib/code/out/vs/workbench/api/node/extensionHostProcess.js:27:2660)
    at Zm.writeToCache (/home/~/.vscode-oss/extensions/ms-toolsai.jupyter-2024.10.0-linux-x64/dist/extension.node.js:299:35862)
    at Zm.updateCache (/home/~/.vscode-oss/extensions/ms-toolsai.jupyter-2024.10.0-linux-x64/dist/extension.node.js:299:35147)
    at /home/~/.vscode-oss/extensions/ms-toolsai.jupyter-2024.10.0-linux-x64/dist/extension.node.js:60:12513
    at tz (/home/~/.vscode-oss/extensions/ms-toolsai.jupyter-2024.10.0-linux-x64/dist/extension.node.js:60:12090)
    at Zm.i.value (/home/~/.vscode-oss/extensions/ms-toolsai.jupyter-2024.10.0-linux-x64/dist/extension.node.js:60:12494)
    at $.C (file:///usr/lib/code/out/vs/workbench/api/node/extensionHostProcess.js:27:2373)
    at $.D (file:///usr/lib/code/out/vs/workbench/api/node/extensionHostProcess.js:27:2443)
    at $.fire (file:///usr/lib/code/out/vs/workbench/api/node/extensionHostProcess.js:27:2660)
    at /home/~/.vscode-oss/extensions/ms-toolsai.jupyter-2024.10.0-linux-x64/dist/extension.node.js:299:16760
    at async Promise.all (index 1)
    at Xo.findKernelSpecs (/home/~/.vscode-oss/extensions/ms-toolsai.jupyter-2024.10.0-linux-x64/dist/extension.node.js:299:15982)
    at /home/~/.vscode-oss/extensions/ms-toolsai.jupyter-2024.10.0-linux-x64/dist/extension.node.js:299:15100
14:21:52.438 [warn] Failed to attach variable provider Error: Extension 'ms-toolsai.jupyter' CANNOT use API proposal: notebookVariableProvider.
Its package.json#enabledApiProposals-property declares:  but NOT notebookVariableProvider.
 The missing proposal MUST be added and you must start in extension development mode or use the following command line switch: --enable-proposed-api ms-toolsai.jupyter
    at T (file:///usr/lib/code/out/vs/workbench/api/node/extensionHostProcess.js:106:33255)
    at Object.set variableProvider [as variableProvider] (file:///usr/lib/code/out/vs/workbench/api/node/extensionHostProcess.js:199:20966)
    at n.create (/home/~/.vscode-oss/extensions/ms-toolsai.jupyter-2024.10.0-linux-x64/dist/extension.node.js:304:87490)
    at /home/~/.vscode-oss/extensions/ms-toolsai.jupyter-2024.10.0-linux-x64/dist/extension.node.js:304:101806
    at Array.forEach (<anonymous>)
    at $y.addImpl (/home/~/.vscode-oss/extensions/ms-toolsai.jupyter-2024.10.0-linux-x64/dist/extension.node.js:304:101779)
    at /home/~/.vscode-oss/extensions/ms-toolsai.jupyter-2024.10.0-linux-x64/dist/extension.node.js:304:100765
    at Array.forEach (<anonymous>)
    at $y.batchAdd (/home/~/.vscode-oss/extensions/ms-toolsai.jupyter-2024.10.0-linux-x64/dist/extension.node.js:304:100735)
    at $y.createNotebookControllers (/home/~/.vscode-oss/extensions/ms-toolsai.jupyter-2024.10.0-linux-x64/dist/extension.node.js:304:99557)
    at $y.loadControllersImpl (/home/~/.vscode-oss/extensions/ms-toolsai.jupyter-2024.10.0-linux-x64/dist/extension.node.js:304:99017)
    at $y.loadControllers (/home/~/.vscode-oss/extensions/ms-toolsai.jupyter-2024.10.0-linux-x64/dist/extension.node.js:304:98767)
    at $y.<anonymous> (/home/~/.vscode-oss/extensions/ms-toolsai.jupyter-2024.10.0-linux-x64/dist/extension.node.js:304:97826)
    at $.C (file:///usr/lib/code/out/vs/workbench/api/node/extensionHostProcess.js:27:2373)
    at $.fire (file:///usr/lib/code/out/vs/workbench/api/node/extensionHostProcess.js:27:2591)
    at od.value (/home/~/.vscode-oss/extensions/ms-toolsai.jupyter-2024.10.0-linux-x64/dist/extension.node.js:285:19835)
    at $.C (file:///usr/lib/code/out/vs/workbench/api/node/extensionHostProcess.js:27:2373)
    at $.D (file:///usr/lib/code/out/vs/workbench/api/node/extensionHostProcess.js:27:2443)
    at $.fire (file:///usr/lib/code/out/vs/workbench/api/node/extensionHostProcess.js:27:2660)
    at Zm.writeToCache (/home/~/.vscode-oss/extensions/ms-toolsai.jupyter-2024.10.0-linux-x64/dist/extension.node.js:299:35862)
    at Zm.updateCache (/home/~/.vscode-oss/extensions/ms-toolsai.jupyter-2024.10.0-linux-x64/dist/extension.node.js:299:35147)
    at /home/~/.vscode-oss/extensions/ms-toolsai.jupyter-2024.10.0-linux-x64/dist/extension.node.js:60:12513
    at tz (/home/~/.vscode-oss/extensions/ms-toolsai.jupyter-2024.10.0-linux-x64/dist/extension.node.js:60:12090)
    at Zm.i.value (/home/~/.vscode-oss/extensions/ms-toolsai.jupyter-2024.10.0-linux-x64/dist/extension.node.js:60:12494)
    at $.C (file:///usr/lib/code/out/vs/workbench/api/node/extensionHostProcess.js:27:2373)
    at $.D (file:///usr/lib/code/out/vs/workbench/api/node/extensionHostProcess.js:27:2443)
    at $.fire (file:///usr/lib/code/out/vs/workbench/api/node/extensionHostProcess.js:27:2660)
    at /home/~/.vscode-oss/extensions/ms-toolsai.jupyter-2024.10.0-linux-x64/dist/extension.node.js:299:16760
    at async Promise.all (index 1)
    at Xo.findKernelSpecs (/home/~/.vscode-oss/extensions/ms-toolsai.jupyter-2024.10.0-linux-x64/dist/extension.node.js:299:15982)
    at /home/~/.vscode-oss/extensions/ms-toolsai.jupyter-2024.10.0-linux-x64/dist/extension.node.js:299:15100
