2025-09-20 15:04:51.779 [info] Deleted marked for removal extension from disk ms-vscode.cpptools-extension-pack /home/thesynthax/.vscode-oss/extensions/ms-vscode.cpptools-extension-pack-1.3.0
2025-09-20 15:04:51.787 [info] Deleted marked for removal extension from disk eliverlara.andromeda /home/thesynthax/.vscode-oss/extensions/eliverlara.andromeda-1.8.2
2025-09-20 15:04:51.788 [info] Deleted marked for removal extension from disk llvm-vs-code-extensions.vscode-clangd /home/thesynthax/.vscode-oss/extensions/llvm-vs-code-extensions.vscode-clangd-0.1.29
2025-09-20 15:04:51.790 [info] Deleted marked for removal extension from disk vscodevim.vim /home/thesynthax/.vscode-oss/extensions/vscodevim.vim-1.28.1
2025-09-20 15:04:51.790 [info] Deleted marked for removal extension from disk vsls-contrib.codetour /home/thesynthax/.vscode-oss/extensions/vsls-contrib.codetour-0.0.59
2025-09-20 15:04:51.791 [info] Deleted marked for removal extension from disk vadimcn.vscode-lldb /home/thesynthax/.vscode-oss/extensions/vadimcn.vscode-lldb-1.11.1
2025-09-20 15:04:51.802 [info] Deleted marked for removal extension from disk dbaeumer.vscode-eslint /home/thesynthax/.vscode-oss/extensions/dbaeumer.vscode-eslint-3.0.10
2025-09-20 15:04:51.851 [info] Deleted marked for removal extension from disk ms-dotnettools.vscode-dotnet-runtime /home/thesynthax/.vscode-oss/extensions/ms-dotnettools.vscode-dotnet-runtime-2.2.2
2025-09-20 15:04:51.853 [info] Deleted marked for removal extension from disk robbowen.synthwave-vscode /home/thesynthax/.vscode-oss/extensions/robbowen.synthwave-vscode-0.1.17
2025-09-20 15:04:51.854 [info] Deleted marked for removal extension from disk usernamehw.errorlens /home/thesynthax/.vscode-oss/extensions/usernamehw.errorlens-3.20.0
2025-09-20 15:04:51.860 [info] Deleted marked for removal extension from disk ms-vscode.js-debug-nightly /home/thesynthax/.vscode-oss/extensions/ms-vscode.js-debug-nightly-2024.11.417
2025-09-20 15:04:51.860 [info] Deleted marked for removal extension from disk zhuangtongfa.material-theme /home/thesynthax/.vscode-oss/extensions/zhuangtongfa.material-theme-3.17.6
2025-09-20 15:04:51.860 [info] Deleted marked for removal extension from disk tabnine.tabnine-vscode /home/thesynthax/.vscode-oss/extensions/tabnine.tabnine-vscode-3.187.0
2025-09-20 15:04:51.861 [info] Deleted marked for removal extension from disk editorconfig.editorconfig /home/thesynthax/.vscode-oss/extensions/editorconfig.editorconfig-0.16.6-universal
2025-09-20 15:04:51.862 [info] Deleted marked for removal extension from disk ms-vscode.cmake-tools /home/thesynthax/.vscode-oss/extensions/ms-vscode.cmake-tools-1.19.52
2025-09-20 15:04:51.862 [info] Deleted marked for removal extension from disk ms-vscode.vscode-typescript-next /home/thesynthax/.vscode-oss/extensions/ms-vscode.vscode-typescript-next-5.8.20241108
2025-09-20 15:04:51.862 [info] Deleted marked for removal extension from disk ms-azuretools.vscode-docker /home/thesynthax/.vscode-oss/extensions/ms-azuretools.vscode-docker-1.29.3
2025-09-20 15:04:51.863 [info] Deleted marked for removal extension from disk equinusocio.vsc-material-theme /home/thesynthax/.vscode-oss/extensions/equinusocio.vsc-material-theme-33.6.0-universal
2025-09-20 15:04:51.863 [info] Deleted marked for removal extension from disk equinusocio.vsc-material-theme /home/thesynthax/.vscode-oss/extensions/equinusocio.vsc-material-theme-34.7.9
2025-09-20 15:04:58.198 [info] Marked extension as removed eamodio.gitlens-15.6.3
2025-09-20 15:04:58.199 [info] Marked extension as removed franneck94.c-cpp-runner-9.4.9
2025-09-20 15:04:58.199 [info] Marked extension as removed github.vscode-pull-request-github-0.100.1
2025-09-20 15:04:58.199 [info] Marked extension as removed ms-python.debugpy-2024.12.0-linux-x64
2025-09-20 15:04:58.199 [info] Marked extension as removed ms-python.python-2025.14.0-linux-x64
2025-09-20 15:04:58.199 [info] Marked extension as removed ms-toolsai.jupyter-2024.10.0-linux-x64
2025-09-20 15:04:58.199 [info] Marked extension as removed ms-toolsai.jupyter-renderers-1.0.21
2025-09-20 15:04:58.199 [info] Marked extension as removed ms-vscode.cpptools-1.27.7-linux-x64
2025-09-20 15:04:58.199 [info] Marked extension as removed vadimcn.vscode-lldb-1.10.0
2025-09-20 15:04:58.199 [info] Marked extension as removed vscode-icons-team.vscode-icons-12.14.0
2025-09-20 15:04:59.162 [info] Getting Manifest... ms-dotnettools.csharp
2025-09-20 15:04:59.163 [info] Getting Manifest... ms-python.python
2025-09-20 15:04:59.163 [info] Getting Manifest... ms-python.vscode-pylance
2025-09-20 15:04:59.164 [info] Getting Manifest... ms-vscode.cpptools
2025-09-20 15:04:59.164 [info] Getting Manifest... vscode-icons-team.vscode-icons
2025-09-20 15:04:59.660 [info] Installing extension: vscode-icons-team.vscode-icons {"productVersion":{"version":"1.104.1","date":"2025-09-18T16:13:21.262Z"},"pinned":false,"operation":3,"isApplicationScoped":false,"profileLocation":{"$mid":1,"external":"vscode-userdata:/home/thesynthax/.vscode-oss/extensions/extensions.json","path":"/home/thesynthax/.vscode-oss/extensions/extensions.json","scheme":"vscode-userdata"}}
2025-09-20 15:04:59.683 [info] Installing extension: ms-vscode.cpptools {"productVersion":{"version":"1.104.1","date":"2025-09-18T16:13:21.262Z"},"pinned":false,"operation":3,"isApplicationScoped":false,"profileLocation":{"$mid":1,"external":"vscode-userdata:/home/thesynthax/.vscode-oss/extensions/extensions.json","path":"/home/thesynthax/.vscode-oss/extensions/extensions.json","scheme":"vscode-userdata"}}
2025-09-20 15:04:59.686 [info] Installing extension: ms-python.vscode-pylance {"productVersion":{"version":"1.104.1","date":"2025-09-18T16:13:21.262Z"},"pinned":false,"operation":3,"isApplicationScoped":false,"profileLocation":{"$mid":1,"external":"vscode-userdata:/home/thesynthax/.vscode-oss/extensions/extensions.json","path":"/home/thesynthax/.vscode-oss/extensions/extensions.json","scheme":"vscode-userdata"}}
2025-09-20 15:04:59.691 [info] Installing extension: ms-dotnettools.csharp {"productVersion":{"version":"1.104.1","date":"2025-09-18T16:13:21.262Z"},"pinned":false,"operation":3,"isApplicationScoped":false,"profileLocation":{"$mid":1,"external":"vscode-userdata:/home/thesynthax/.vscode-oss/extensions/extensions.json","path":"/home/thesynthax/.vscode-oss/extensions/extensions.json","scheme":"vscode-userdata"}}
2025-09-20 15:04:59.712 [info] Installing extension: ms-python.python {"productVersion":{"version":"1.104.1","date":"2025-09-18T16:13:21.262Z"},"pinned":false,"operation":3,"isApplicationScoped":false,"profileLocation":{"$mid":1,"external":"vscode-userdata:/home/thesynthax/.vscode-oss/extensions/extensions.json","path":"/home/thesynthax/.vscode-oss/extensions/extensions.json","scheme":"vscode-userdata"}}
2025-09-20 15:04:59.984 [info] Getting Manifest... ms-dotnettools.vscode-dotnet-runtime
2025-09-20 15:04:59.985 [info] Getting Manifest... ms-python.vscode-python-envs
2025-09-20 15:05:00.225 [info] Removed the extension from removed list: vscode-icons-team.vscode-icons
2025-09-20 15:05:00.450 [info] Removed the extension from removed list: ms-vscode.cpptools
2025-09-20 15:05:00.643 [info] Extension installed successfully: vscode-icons-team.vscode-icons vscode-userdata:/home/thesynthax/.vscode-oss/extensions/extensions.json
2025-09-20 15:05:00.995 [info] Extension installed successfully: ms-vscode.cpptools vscode-userdata:/home/thesynthax/.vscode-oss/extensions/extensions.json
2025-09-20 15:05:01.232 [info] Removed the extension from removed list: ms-python.python
2025-09-20 15:05:01.232 [info] Marked extension as removed vscode-icons-team.vscode-icons-12.9.0
2025-09-20 15:05:01.390 [info] Marked extension as removed ms-vscode.cpptools-1.22.11-linux-x64
2025-09-20 15:05:01.576 [info] Extension installed successfully: ms-python.python vscode-userdata:/home/thesynthax/.vscode-oss/extensions/extensions.json
2025-09-20 15:05:01.635 [info] Marked extension as removed ms-python.python-2024.18.1-linux-x64
2025-09-20 15:05:05.866 [info] Extension signature verification result for ms-python.vscode-pylance: Success. Executed: true. Duration: 769ms.
2025-09-20 15:05:06.872 [info] Extension signature verification result for ms-dotnettools.csharp: Success. Executed: true. Duration: 5579ms.
