Code - OSS (1.104.1, undefined, desktop)
Jupyter Extension Version: 2025.8.0.
Python Extension Version: 2024.18.1.
Python Environment Extension not installed.
Pylance Extension Version: 2024.11.1.
Platform: linux (x64).
Home = /home/thesynthax
Temp Storage folder ~/.config/Code - OSS/User/globalStorage/ms-toolsai.jupyter/version-2025.8.0
No workspace folder opened.
15:04:55.135 [error] Error in activating extension, failed in tb [Error: Extension 'ms-toolsai.jupyter' CANNOT use API proposal: notebookKernelSource.
Its package.json#enabledApiProposals-property declares:  but NOT notebookKernelSource.
 The missing proposal MUST be added and you must start in extension development mode or use the following command line switch: --enable-proposed-api ms-toolsai.jupyter
	at T (file:///usr/lib/code/out/vs/workbench/api/node/extensionHostProcess.js:106:33255)
	at Object.createNotebookControllerDetectionTask (file:///usr/lib/code/out/vs/workbench/api/node/extensionHostProcess.js:199:126481)
	at i (~/.vscode-oss/extensions/ms-toolsai.jupyter-2025.8.0-linux-x64/dist/extension.node.js:304:6948)
	at tb.startRefreshWithPython (~/.vscode-oss/extensions/ms-toolsai.jupyter-2025.8.0-linux-x64/dist/extension.node.js:304:7171)
	at tb.activate (~/.vscode-oss/extensions/ms-toolsai.jupyter-2025.8.0-linux-x64/dist/extension.node.js:304:5395)
	at ~/.vscode-oss/extensions/ms-toolsai.jupyter-2025.8.0-linux-x64/dist/extension.node.js:385:27934
	at Array.map (<anonymous>)
	at QI.activate (~/.vscode-oss/extensions/ms-toolsai.jupyter-2025.8.0-linux-x64/dist/extension.node.js:385:27920)
	at LX (~/.vscode-oss/extensions/ms-toolsai.jupyter-2025.8.0-linux-x64/dist/extension.node.js:448:2142)
	at async bge (~/.vscode-oss/extensions/ms-toolsai.jupyter-2025.8.0-linux-x64/dist/extension.node.js:450:454)]
15:04:55.141 [error] Error in activating extension, failed in Vb [Error: Extension 'ms-toolsai.jupyter' CANNOT use API proposal: notebookKernelSource.
Its package.json#enabledApiProposals-property declares:  but NOT notebookKernelSource.
 The missing proposal MUST be added and you must start in extension development mode or use the following command line switch: --enable-proposed-api ms-toolsai.jupyter
	at T (file:///usr/lib/code/out/vs/workbench/api/node/extensionHostProcess.js:106:33255)
	at Object.registerKernelSourceActionProvider (file:///usr/lib/code/out/vs/workbench/api/node/extensionHostProcess.js:199:126603)
	at Vb.activate (~/.vscode-oss/extensions/ms-toolsai.jupyter-2025.8.0-linux-x64/dist/extension.node.js:309:121439)
	at ~/.vscode-oss/extensions/ms-toolsai.jupyter-2025.8.0-linux-x64/dist/extension.node.js:385:27934
	at Array.map (<anonymous>)
	at QI.activate (~/.vscode-oss/extensions/ms-toolsai.jupyter-2025.8.0-linux-x64/dist/extension.node.js:385:27920)
	at LX (~/.vscode-oss/extensions/ms-toolsai.jupyter-2025.8.0-linux-x64/dist/extension.node.js:448:2142)
	at async bge (~/.vscode-oss/extensions/ms-toolsai.jupyter-2025.8.0-linux-x64/dist/extension.node.js:450:454)]
15:04:55.166 [info] Deleting old temp dir ~/.config/Code - OSS/User/globalStorage/ms-toolsai.jupyter/version-2024.10.0
15:04:57.319 [warn] Failed to attach variable provider Error: Extension 'ms-toolsai.jupyter' CANNOT use API proposal: notebookVariableProvider.
Its package.json#enabledApiProposals-property declares:  but NOT notebookVariableProvider.
 The missing proposal MUST be added and you must start in extension development mode or use the following command line switch: --enable-proposed-api ms-toolsai.jupyter
    at T (file:///usr/lib/code/out/vs/workbench/api/node/extensionHostProcess.js:106:33255)
    at Object.set variableProvider [as variableProvider] (file:///usr/lib/code/out/vs/workbench/api/node/extensionHostProcess.js:199:20966)
    at n.create (~/.vscode-oss/extensions/ms-toolsai.jupyter-2025.8.0-linux-x64/dist/extension.node.js:309:88259)
    at ~/.vscode-oss/extensions/ms-toolsai.jupyter-2025.8.0-linux-x64/dist/extension.node.js:309:101815
    at Array.forEach (<anonymous>)
    at Tb.addImpl (~/.vscode-oss/extensions/ms-toolsai.jupyter-2025.8.0-linux-x64/dist/extension.node.js:309:101788)
    at ~/.vscode-oss/extensions/ms-toolsai.jupyter-2025.8.0-linux-x64/dist/extension.node.js:309:100868
    at Array.forEach (<anonymous>)
    at Tb.batchAdd (~/.vscode-oss/extensions/ms-toolsai.jupyter-2025.8.0-linux-x64/dist/extension.node.js:309:100838)
    at Tb.createNotebookControllers (~/.vscode-oss/extensions/ms-toolsai.jupyter-2025.8.0-linux-x64/dist/extension.node.js:309:99896)
    at Tb.loadControllers (~/.vscode-oss/extensions/ms-toolsai.jupyter-2025.8.0-linux-x64/dist/extension.node.js:309:99356)
    at Tb.<anonymous> (~/.vscode-oss/extensions/ms-toolsai.jupyter-2025.8.0-linux-x64/dist/extension.node.js:309:98597)
    at $.C (file:///usr/lib/code/out/vs/workbench/api/node/extensionHostProcess.js:27:2373)
    at $.fire (file:///usr/lib/code/out/vs/workbench/api/node/extensionHostProcess.js:27:2591)
    at od.value (~/.vscode-oss/extensions/ms-toolsai.jupyter-2025.8.0-linux-x64/dist/extension.node.js:282:19929)
    at $.C (file:///usr/lib/code/out/vs/workbench/api/node/extensionHostProcess.js:27:2373)
    at $.D (file:///usr/lib/code/out/vs/workbench/api/node/extensionHostProcess.js:27:2443)
    at $.fire (file:///usr/lib/code/out/vs/workbench/api/node/extensionHostProcess.js:27:2660)
    at Bb.buildDummyEnvironment (~/.vscode-oss/extensions/ms-toolsai.jupyter-2025.8.0-linux-x64/dist/extension.node.js:309:146514)
15:04:57.320 [warn] Failed to attach variable provider Error: Extension 'ms-toolsai.jupyter' CANNOT use API proposal: notebookVariableProvider.
Its package.json#enabledApiProposals-property declares:  but NOT notebookVariableProvider.
 The missing proposal MUST be added and you must start in extension development mode or use the following command line switch: --enable-proposed-api ms-toolsai.jupyter
    at T (file:///usr/lib/code/out/vs/workbench/api/node/extensionHostProcess.js:106:33255)
    at Object.set variableProvider [as variableProvider] (file:///usr/lib/code/out/vs/workbench/api/node/extensionHostProcess.js:199:20966)
    at n.create (~/.vscode-oss/extensions/ms-toolsai.jupyter-2025.8.0-linux-x64/dist/extension.node.js:309:88259)
    at ~/.vscode-oss/extensions/ms-toolsai.jupyter-2025.8.0-linux-x64/dist/extension.node.js:309:101815
    at Array.forEach (<anonymous>)
    at Tb.addImpl (~/.vscode-oss/extensions/ms-toolsai.jupyter-2025.8.0-linux-x64/dist/extension.node.js:309:101788)
    at ~/.vscode-oss/extensions/ms-toolsai.jupyter-2025.8.0-linux-x64/dist/extension.node.js:309:100868
    at Array.forEach (<anonymous>)
    at Tb.batchAdd (~/.vscode-oss/extensions/ms-toolsai.jupyter-2025.8.0-linux-x64/dist/extension.node.js:309:100838)
    at Tb.createNotebookControllers (~/.vscode-oss/extensions/ms-toolsai.jupyter-2025.8.0-linux-x64/dist/extension.node.js:309:99896)
    at Tb.loadControllers (~/.vscode-oss/extensions/ms-toolsai.jupyter-2025.8.0-linux-x64/dist/extension.node.js:309:99356)
    at Tb.<anonymous> (~/.vscode-oss/extensions/ms-toolsai.jupyter-2025.8.0-linux-x64/dist/extension.node.js:309:98597)
    at $.C (file:///usr/lib/code/out/vs/workbench/api/node/extensionHostProcess.js:27:2373)
    at $.fire (file:///usr/lib/code/out/vs/workbench/api/node/extensionHostProcess.js:27:2591)
    at od.value (~/.vscode-oss/extensions/ms-toolsai.jupyter-2025.8.0-linux-x64/dist/extension.node.js:282:19929)
    at $.C (file:///usr/lib/code/out/vs/workbench/api/node/extensionHostProcess.js:27:2373)
    at $.D (file:///usr/lib/code/out/vs/workbench/api/node/extensionHostProcess.js:27:2443)
    at $.fire (file:///usr/lib/code/out/vs/workbench/api/node/extensionHostProcess.js:27:2660)
    at Bb.buildDummyEnvironment (~/.vscode-oss/extensions/ms-toolsai.jupyter-2025.8.0-linux-x64/dist/extension.node.js:309:146514)
15:04:57.321 [warn] Failed to attach variable provider Error: Extension 'ms-toolsai.jupyter' CANNOT use API proposal: notebookVariableProvider.
Its package.json#enabledApiProposals-property declares:  but NOT notebookVariableProvider.
 The missing proposal MUST be added and you must start in extension development mode or use the following command line switch: --enable-proposed-api ms-toolsai.jupyter
    at T (file:///usr/lib/code/out/vs/workbench/api/node/extensionHostProcess.js:106:33255)
    at Object.set variableProvider [as variableProvider] (file:///usr/lib/code/out/vs/workbench/api/node/extensionHostProcess.js:199:20966)
    at n.create (~/.vscode-oss/extensions/ms-toolsai.jupyter-2025.8.0-linux-x64/dist/extension.node.js:309:88259)
    at ~/.vscode-oss/extensions/ms-toolsai.jupyter-2025.8.0-linux-x64/dist/extension.node.js:309:101815
    at Array.forEach (<anonymous>)
    at Tb.addImpl (~/.vscode-oss/extensions/ms-toolsai.jupyter-2025.8.0-linux-x64/dist/extension.node.js:309:101788)
    at ~/.vscode-oss/extensions/ms-toolsai.jupyter-2025.8.0-linux-x64/dist/extension.node.js:309:100868
    at Array.forEach (<anonymous>)
    at Tb.batchAdd (~/.vscode-oss/extensions/ms-toolsai.jupyter-2025.8.0-linux-x64/dist/extension.node.js:309:100838)
    at Tb.createNotebookControllers (~/.vscode-oss/extensions/ms-toolsai.jupyter-2025.8.0-linux-x64/dist/extension.node.js:309:99896)
    at Tb.loadControllers (~/.vscode-oss/extensions/ms-toolsai.jupyter-2025.8.0-linux-x64/dist/extension.node.js:309:99356)
    at Tb.<anonymous> (~/.vscode-oss/extensions/ms-toolsai.jupyter-2025.8.0-linux-x64/dist/extension.node.js:309:98597)
    at $.C (file:///usr/lib/code/out/vs/workbench/api/node/extensionHostProcess.js:27:2373)
    at $.fire (file:///usr/lib/code/out/vs/workbench/api/node/extensionHostProcess.js:27:2591)
    at od.value (~/.vscode-oss/extensions/ms-toolsai.jupyter-2025.8.0-linux-x64/dist/extension.node.js:282:19929)
    at $.C (file:///usr/lib/code/out/vs/workbench/api/node/extensionHostProcess.js:27:2373)
    at $.D (file:///usr/lib/code/out/vs/workbench/api/node/extensionHostProcess.js:27:2443)
    at $.fire (file:///usr/lib/code/out/vs/workbench/api/node/extensionHostProcess.js:27:2660)
    at Bb.buildDummyEnvironment (~/.vscode-oss/extensions/ms-toolsai.jupyter-2025.8.0-linux-x64/dist/extension.node.js:309:146514)
15:04:57.321 [warn] Failed to attach variable provider Error: Extension 'ms-toolsai.jupyter' CANNOT use API proposal: notebookVariableProvider.
Its package.json#enabledApiProposals-property declares:  but NOT notebookVariableProvider.
 The missing proposal MUST be added and you must start in extension development mode or use the following command line switch: --enable-proposed-api ms-toolsai.jupyter
    at T (file:///usr/lib/code/out/vs/workbench/api/node/extensionHostProcess.js:106:33255)
    at Object.set variableProvider [as variableProvider] (file:///usr/lib/code/out/vs/workbench/api/node/extensionHostProcess.js:199:20966)
    at n.create (~/.vscode-oss/extensions/ms-toolsai.jupyter-2025.8.0-linux-x64/dist/extension.node.js:309:88259)
    at ~/.vscode-oss/extensions/ms-toolsai.jupyter-2025.8.0-linux-x64/dist/extension.node.js:309:101815
    at Array.forEach (<anonymous>)
    at Tb.addImpl (~/.vscode-oss/extensions/ms-toolsai.jupyter-2025.8.0-linux-x64/dist/extension.node.js:309:101788)
    at ~/.vscode-oss/extensions/ms-toolsai.jupyter-2025.8.0-linux-x64/dist/extension.node.js:309:100868
    at Array.forEach (<anonymous>)
    at Tb.batchAdd (~/.vscode-oss/extensions/ms-toolsai.jupyter-2025.8.0-linux-x64/dist/extension.node.js:309:100838)
    at Tb.createNotebookControllers (~/.vscode-oss/extensions/ms-toolsai.jupyter-2025.8.0-linux-x64/dist/extension.node.js:309:99896)
    at Tb.loadControllers (~/.vscode-oss/extensions/ms-toolsai.jupyter-2025.8.0-linux-x64/dist/extension.node.js:309:99356)
    at Tb.<anonymous> (~/.vscode-oss/extensions/ms-toolsai.jupyter-2025.8.0-linux-x64/dist/extension.node.js:309:98597)
    at $.C (file:///usr/lib/code/out/vs/workbench/api/node/extensionHostProcess.js:27:2373)
    at $.fire (file:///usr/lib/code/out/vs/workbench/api/node/extensionHostProcess.js:27:2591)
    at od.value (~/.vscode-oss/extensions/ms-toolsai.jupyter-2025.8.0-linux-x64/dist/extension.node.js:282:19929)
    at $.C (file:///usr/lib/code/out/vs/workbench/api/node/extensionHostProcess.js:27:2373)
    at $.D (file:///usr/lib/code/out/vs/workbench/api/node/extensionHostProcess.js:27:2443)
    at $.fire (file:///usr/lib/code/out/vs/workbench/api/node/extensionHostProcess.js:27:2660)
    at Bb.buildDummyEnvironment (~/.vscode-oss/extensions/ms-toolsai.jupyter-2025.8.0-linux-x64/dist/extension.node.js:309:146514)
15:04:57.322 [warn] Failed to attach variable provider Error: Extension 'ms-toolsai.jupyter' CANNOT use API proposal: notebookVariableProvider.
Its package.json#enabledApiProposals-property declares:  but NOT notebookVariableProvider.
 The missing proposal MUST be added and you must start in extension development mode or use the following command line switch: --enable-proposed-api ms-toolsai.jupyter
    at T (file:///usr/lib/code/out/vs/workbench/api/node/extensionHostProcess.js:106:33255)
    at Object.set variableProvider [as variableProvider] (file:///usr/lib/code/out/vs/workbench/api/node/extensionHostProcess.js:199:20966)
    at n.create (~/.vscode-oss/extensions/ms-toolsai.jupyter-2025.8.0-linux-x64/dist/extension.node.js:309:88259)
    at ~/.vscode-oss/extensions/ms-toolsai.jupyter-2025.8.0-linux-x64/dist/extension.node.js:309:101815
    at Array.forEach (<anonymous>)
    at Tb.addImpl (~/.vscode-oss/extensions/ms-toolsai.jupyter-2025.8.0-linux-x64/dist/extension.node.js:309:101788)
    at ~/.vscode-oss/extensions/ms-toolsai.jupyter-2025.8.0-linux-x64/dist/extension.node.js:309:100868
    at Array.forEach (<anonymous>)
    at Tb.batchAdd (~/.vscode-oss/extensions/ms-toolsai.jupyter-2025.8.0-linux-x64/dist/extension.node.js:309:100838)
    at Tb.createNotebookControllers (~/.vscode-oss/extensions/ms-toolsai.jupyter-2025.8.0-linux-x64/dist/extension.node.js:309:99896)
    at Tb.loadControllers (~/.vscode-oss/extensions/ms-toolsai.jupyter-2025.8.0-linux-x64/dist/extension.node.js:309:99356)
    at Tb.<anonymous> (~/.vscode-oss/extensions/ms-toolsai.jupyter-2025.8.0-linux-x64/dist/extension.node.js:309:98597)
    at $.C (file:///usr/lib/code/out/vs/workbench/api/node/extensionHostProcess.js:27:2373)
    at $.fire (file:///usr/lib/code/out/vs/workbench/api/node/extensionHostProcess.js:27:2591)
    at od.value (~/.vscode-oss/extensions/ms-toolsai.jupyter-2025.8.0-linux-x64/dist/extension.node.js:282:19929)
    at $.C (file:///usr/lib/code/out/vs/workbench/api/node/extensionHostProcess.js:27:2373)
    at $.D (file:///usr/lib/code/out/vs/workbench/api/node/extensionHostProcess.js:27:2443)
    at $.fire (file:///usr/lib/code/out/vs/workbench/api/node/extensionHostProcess.js:27:2660)
    at Bb.buildDummyEnvironment (~/.vscode-oss/extensions/ms-toolsai.jupyter-2025.8.0-linux-x64/dist/extension.node.js:309:146514)
15:04:57.323 [warn] Failed to attach variable provider Error: Extension 'ms-toolsai.jupyter' CANNOT use API proposal: notebookVariableProvider.
Its package.json#enabledApiProposals-property declares:  but NOT notebookVariableProvider.
 The missing proposal MUST be added and you must start in extension development mode or use the following command line switch: --enable-proposed-api ms-toolsai.jupyter
    at T (file:///usr/lib/code/out/vs/workbench/api/node/extensionHostProcess.js:106:33255)
    at Object.set variableProvider [as variableProvider] (file:///usr/lib/code/out/vs/workbench/api/node/extensionHostProcess.js:199:20966)
    at n.create (~/.vscode-oss/extensions/ms-toolsai.jupyter-2025.8.0-linux-x64/dist/extension.node.js:309:88259)
    at ~/.vscode-oss/extensions/ms-toolsai.jupyter-2025.8.0-linux-x64/dist/extension.node.js:309:101815
    at Array.forEach (<anonymous>)
    at Tb.addImpl (~/.vscode-oss/extensions/ms-toolsai.jupyter-2025.8.0-linux-x64/dist/extension.node.js:309:101788)
    at ~/.vscode-oss/extensions/ms-toolsai.jupyter-2025.8.0-linux-x64/dist/extension.node.js:309:100868
    at Array.forEach (<anonymous>)
    at Tb.batchAdd (~/.vscode-oss/extensions/ms-toolsai.jupyter-2025.8.0-linux-x64/dist/extension.node.js:309:100838)
    at Tb.createNotebookControllers (~/.vscode-oss/extensions/ms-toolsai.jupyter-2025.8.0-linux-x64/dist/extension.node.js:309:99896)
    at Tb.loadControllers (~/.vscode-oss/extensions/ms-toolsai.jupyter-2025.8.0-linux-x64/dist/extension.node.js:309:99356)
    at Tb.<anonymous> (~/.vscode-oss/extensions/ms-toolsai.jupyter-2025.8.0-linux-x64/dist/extension.node.js:309:98597)
    at $.C (file:///usr/lib/code/out/vs/workbench/api/node/extensionHostProcess.js:27:2373)
    at $.fire (file:///usr/lib/code/out/vs/workbench/api/node/extensionHostProcess.js:27:2591)
    at od.value (~/.vscode-oss/extensions/ms-toolsai.jupyter-2025.8.0-linux-x64/dist/extension.node.js:282:19929)
    at $.C (file:///usr/lib/code/out/vs/workbench/api/node/extensionHostProcess.js:27:2373)
    at $.D (file:///usr/lib/code/out/vs/workbench/api/node/extensionHostProcess.js:27:2443)
    at $.fire (file:///usr/lib/code/out/vs/workbench/api/node/extensionHostProcess.js:27:2660)
    at Bb.buildDummyEnvironment (~/.vscode-oss/extensions/ms-toolsai.jupyter-2025.8.0-linux-x64/dist/extension.node.js:309:146514)
15:04:57.324 [warn] Failed to attach variable provider Error: Extension 'ms-toolsai.jupyter' CANNOT use API proposal: notebookVariableProvider.
Its package.json#enabledApiProposals-property declares:  but NOT notebookVariableProvider.
 The missing proposal MUST be added and you must start in extension development mode or use the following command line switch: --enable-proposed-api ms-toolsai.jupyter
    at T (file:///usr/lib/code/out/vs/workbench/api/node/extensionHostProcess.js:106:33255)
    at Object.set variableProvider [as variableProvider] (file:///usr/lib/code/out/vs/workbench/api/node/extensionHostProcess.js:199:20966)
    at n.create (~/.vscode-oss/extensions/ms-toolsai.jupyter-2025.8.0-linux-x64/dist/extension.node.js:309:88259)
    at ~/.vscode-oss/extensions/ms-toolsai.jupyter-2025.8.0-linux-x64/dist/extension.node.js:309:101815
    at Array.forEach (<anonymous>)
    at Tb.addImpl (~/.vscode-oss/extensions/ms-toolsai.jupyter-2025.8.0-linux-x64/dist/extension.node.js:309:101788)
    at ~/.vscode-oss/extensions/ms-toolsai.jupyter-2025.8.0-linux-x64/dist/extension.node.js:309:100868
    at Array.forEach (<anonymous>)
    at Tb.batchAdd (~/.vscode-oss/extensions/ms-toolsai.jupyter-2025.8.0-linux-x64/dist/extension.node.js:309:100838)
    at Tb.createNotebookControllers (~/.vscode-oss/extensions/ms-toolsai.jupyter-2025.8.0-linux-x64/dist/extension.node.js:309:99896)
    at Tb.loadControllers (~/.vscode-oss/extensions/ms-toolsai.jupyter-2025.8.0-linux-x64/dist/extension.node.js:309:99356)
    at Tb.<anonymous> (~/.vscode-oss/extensions/ms-toolsai.jupyter-2025.8.0-linux-x64/dist/extension.node.js:309:98597)
    at $.C (file:///usr/lib/code/out/vs/workbench/api/node/extensionHostProcess.js:27:2373)
    at $.fire (file:///usr/lib/code/out/vs/workbench/api/node/extensionHostProcess.js:27:2591)
    at od.value (~/.vscode-oss/extensions/ms-toolsai.jupyter-2025.8.0-linux-x64/dist/extension.node.js:282:19929)
    at $.C (file:///usr/lib/code/out/vs/workbench/api/node/extensionHostProcess.js:27:2373)
    at $.D (file:///usr/lib/code/out/vs/workbench/api/node/extensionHostProcess.js:27:2443)
    at $.fire (file:///usr/lib/code/out/vs/workbench/api/node/extensionHostProcess.js:27:2660)
    at Bb.buildDummyEnvironment (~/.vscode-oss/extensions/ms-toolsai.jupyter-2025.8.0-linux-x64/dist/extension.node.js:309:146514)
15:04:57.324 [warn] Failed to attach variable provider Error: Extension 'ms-toolsai.jupyter' CANNOT use API proposal: notebookVariableProvider.
Its package.json#enabledApiProposals-property declares:  but NOT notebookVariableProvider.
 The missing proposal MUST be added and you must start in extension development mode or use the following command line switch: --enable-proposed-api ms-toolsai.jupyter
    at T (file:///usr/lib/code/out/vs/workbench/api/node/extensionHostProcess.js:106:33255)
    at Object.set variableProvider [as variableProvider] (file:///usr/lib/code/out/vs/workbench/api/node/extensionHostProcess.js:199:20966)
    at n.create (~/.vscode-oss/extensions/ms-toolsai.jupyter-2025.8.0-linux-x64/dist/extension.node.js:309:88259)
    at ~/.vscode-oss/extensions/ms-toolsai.jupyter-2025.8.0-linux-x64/dist/extension.node.js:309:101815
    at Array.forEach (<anonymous>)
    at Tb.addImpl (~/.vscode-oss/extensions/ms-toolsai.jupyter-2025.8.0-linux-x64/dist/extension.node.js:309:101788)
    at ~/.vscode-oss/extensions/ms-toolsai.jupyter-2025.8.0-linux-x64/dist/extension.node.js:309:100868
    at Array.forEach (<anonymous>)
    at Tb.batchAdd (~/.vscode-oss/extensions/ms-toolsai.jupyter-2025.8.0-linux-x64/dist/extension.node.js:309:100838)
    at Tb.createNotebookControllers (~/.vscode-oss/extensions/ms-toolsai.jupyter-2025.8.0-linux-x64/dist/extension.node.js:309:99896)
    at Tb.loadControllers (~/.vscode-oss/extensions/ms-toolsai.jupyter-2025.8.0-linux-x64/dist/extension.node.js:309:99356)
    at Tb.<anonymous> (~/.vscode-oss/extensions/ms-toolsai.jupyter-2025.8.0-linux-x64/dist/extension.node.js:309:98597)
    at $.C (file:///usr/lib/code/out/vs/workbench/api/node/extensionHostProcess.js:27:2373)
    at $.fire (file:///usr/lib/code/out/vs/workbench/api/node/extensionHostProcess.js:27:2591)
    at od.value (~/.vscode-oss/extensions/ms-toolsai.jupyter-2025.8.0-linux-x64/dist/extension.node.js:282:19929)
    at $.C (file:///usr/lib/code/out/vs/workbench/api/node/extensionHostProcess.js:27:2373)
    at $.D (file:///usr/lib/code/out/vs/workbench/api/node/extensionHostProcess.js:27:2443)
    at $.fire (file:///usr/lib/code/out/vs/workbench/api/node/extensionHostProcess.js:27:2660)
    at Bb.buildDummyEnvironment (~/.vscode-oss/extensions/ms-toolsai.jupyter-2025.8.0-linux-x64/dist/extension.node.js:309:146514)
15:04:57.357 [warn] Failed to attach variable provider Error: Extension 'ms-toolsai.jupyter' CANNOT use API proposal: notebookVariableProvider.
Its package.json#enabledApiProposals-property declares:  but NOT notebookVariableProvider.
 The missing proposal MUST be added and you must start in extension development mode or use the following command line switch: --enable-proposed-api ms-toolsai.jupyter
    at T (file:///usr/lib/code/out/vs/workbench/api/node/extensionHostProcess.js:106:33255)
    at Object.set variableProvider [as variableProvider] (file:///usr/lib/code/out/vs/workbench/api/node/extensionHostProcess.js:199:20966)
    at n.create (~/.vscode-oss/extensions/ms-toolsai.jupyter-2025.8.0-linux-x64/dist/extension.node.js:309:88259)
    at ~/.vscode-oss/extensions/ms-toolsai.jupyter-2025.8.0-linux-x64/dist/extension.node.js:309:101815
    at Array.forEach (<anonymous>)
    at Tb.addImpl (~/.vscode-oss/extensions/ms-toolsai.jupyter-2025.8.0-linux-x64/dist/extension.node.js:309:101788)
    at ~/.vscode-oss/extensions/ms-toolsai.jupyter-2025.8.0-linux-x64/dist/extension.node.js:309:100868
    at Array.forEach (<anonymous>)
    at Tb.batchAdd (~/.vscode-oss/extensions/ms-toolsai.jupyter-2025.8.0-linux-x64/dist/extension.node.js:309:100838)
    at Tb.createNotebookControllers (~/.vscode-oss/extensions/ms-toolsai.jupyter-2025.8.0-linux-x64/dist/extension.node.js:309:99896)
    at Tb.loadControllers (~/.vscode-oss/extensions/ms-toolsai.jupyter-2025.8.0-linux-x64/dist/extension.node.js:309:99356)
    at Tb.<anonymous> (~/.vscode-oss/extensions/ms-toolsai.jupyter-2025.8.0-linux-x64/dist/extension.node.js:309:98597)
    at $.C (file:///usr/lib/code/out/vs/workbench/api/node/extensionHostProcess.js:27:2373)
    at $.fire (file:///usr/lib/code/out/vs/workbench/api/node/extensionHostProcess.js:27:2591)
    at od.value (~/.vscode-oss/extensions/ms-toolsai.jupyter-2025.8.0-linux-x64/dist/extension.node.js:282:19929)
    at $.C (file:///usr/lib/code/out/vs/workbench/api/node/extensionHostProcess.js:27:2373)
    at $.D (file:///usr/lib/code/out/vs/workbench/api/node/extensionHostProcess.js:27:2443)
    at $.fire (file:///usr/lib/code/out/vs/workbench/api/node/extensionHostProcess.js:27:2660)
    at wf.writeToCache (~/.vscode-oss/extensions/ms-toolsai.jupyter-2025.8.0-linux-x64/dist/extension.node.js:304:37076)
    at wf.updateCache (~/.vscode-oss/extensions/ms-toolsai.jupyter-2025.8.0-linux-x64/dist/extension.node.js:304:36361)
    at ~/.vscode-oss/extensions/ms-toolsai.jupyter-2025.8.0-linux-x64/dist/extension.node.js:60:12394
    at sZ (~/.vscode-oss/extensions/ms-toolsai.jupyter-2025.8.0-linux-x64/dist/extension.node.js:60:11971)
    at wf.i.value (~/.vscode-oss/extensions/ms-toolsai.jupyter-2025.8.0-linux-x64/dist/extension.node.js:60:12375)
    at $.C (file:///usr/lib/code/out/vs/workbench/api/node/extensionHostProcess.js:27:2373)
    at $.D (file:///usr/lib/code/out/vs/workbench/api/node/extensionHostProcess.js:27:2443)
    at $.fire (file:///usr/lib/code/out/vs/workbench/api/node/extensionHostProcess.js:27:2660)
    at ~/.vscode-oss/extensions/ms-toolsai.jupyter-2025.8.0-linux-x64/dist/extension.node.js:304:17974
    at async Promise.all (index 1)
    at as.findKernelSpecs (~/.vscode-oss/extensions/ms-toolsai.jupyter-2025.8.0-linux-x64/dist/extension.node.js:304:17196)
    at ~/.vscode-oss/extensions/ms-toolsai.jupyter-2025.8.0-linux-x64/dist/extension.node.js:304:16314
15:04:57.358 [warn] Failed to attach variable provider Error: Extension 'ms-toolsai.jupyter' CANNOT use API proposal: notebookVariableProvider.
Its package.json#enabledApiProposals-property declares:  but NOT notebookVariableProvider.
 The missing proposal MUST be added and you must start in extension development mode or use the following command line switch: --enable-proposed-api ms-toolsai.jupyter
    at T (file:///usr/lib/code/out/vs/workbench/api/node/extensionHostProcess.js:106:33255)
    at Object.set variableProvider [as variableProvider] (file:///usr/lib/code/out/vs/workbench/api/node/extensionHostProcess.js:199:20966)
    at n.create (~/.vscode-oss/extensions/ms-toolsai.jupyter-2025.8.0-linux-x64/dist/extension.node.js:309:88259)
    at ~/.vscode-oss/extensions/ms-toolsai.jupyter-2025.8.0-linux-x64/dist/extension.node.js:309:101815
    at Array.forEach (<anonymous>)
    at Tb.addImpl (~/.vscode-oss/extensions/ms-toolsai.jupyter-2025.8.0-linux-x64/dist/extension.node.js:309:101788)
    at ~/.vscode-oss/extensions/ms-toolsai.jupyter-2025.8.0-linux-x64/dist/extension.node.js:309:100868
    at Array.forEach (<anonymous>)
    at Tb.batchAdd (~/.vscode-oss/extensions/ms-toolsai.jupyter-2025.8.0-linux-x64/dist/extension.node.js:309:100838)
    at Tb.createNotebookControllers (~/.vscode-oss/extensions/ms-toolsai.jupyter-2025.8.0-linux-x64/dist/extension.node.js:309:99896)
    at Tb.loadControllers (~/.vscode-oss/extensions/ms-toolsai.jupyter-2025.8.0-linux-x64/dist/extension.node.js:309:99356)
    at Tb.<anonymous> (~/.vscode-oss/extensions/ms-toolsai.jupyter-2025.8.0-linux-x64/dist/extension.node.js:309:98597)
    at $.C (file:///usr/lib/code/out/vs/workbench/api/node/extensionHostProcess.js:27:2373)
    at $.fire (file:///usr/lib/code/out/vs/workbench/api/node/extensionHostProcess.js:27:2591)
    at od.value (~/.vscode-oss/extensions/ms-toolsai.jupyter-2025.8.0-linux-x64/dist/extension.node.js:282:19929)
    at $.C (file:///usr/lib/code/out/vs/workbench/api/node/extensionHostProcess.js:27:2373)
    at $.D (file:///usr/lib/code/out/vs/workbench/api/node/extensionHostProcess.js:27:2443)
    at $.fire (file:///usr/lib/code/out/vs/workbench/api/node/extensionHostProcess.js:27:2660)
    at wf.writeToCache (~/.vscode-oss/extensions/ms-toolsai.jupyter-2025.8.0-linux-x64/dist/extension.node.js:304:37076)
    at wf.updateCache (~/.vscode-oss/extensions/ms-toolsai.jupyter-2025.8.0-linux-x64/dist/extension.node.js:304:36361)
    at ~/.vscode-oss/extensions/ms-toolsai.jupyter-2025.8.0-linux-x64/dist/extension.node.js:60:12394
    at sZ (~/.vscode-oss/extensions/ms-toolsai.jupyter-2025.8.0-linux-x64/dist/extension.node.js:60:11971)
    at wf.i.value (~/.vscode-oss/extensions/ms-toolsai.jupyter-2025.8.0-linux-x64/dist/extension.node.js:60:12375)
    at $.C (file:///usr/lib/code/out/vs/workbench/api/node/extensionHostProcess.js:27:2373)
    at $.D (file:///usr/lib/code/out/vs/workbench/api/node/extensionHostProcess.js:27:2443)
    at $.fire (file:///usr/lib/code/out/vs/workbench/api/node/extensionHostProcess.js:27:2660)
    at ~/.vscode-oss/extensions/ms-toolsai.jupyter-2025.8.0-linux-x64/dist/extension.node.js:304:17974
    at async Promise.all (index 1)
    at as.findKernelSpecs (~/.vscode-oss/extensions/ms-toolsai.jupyter-2025.8.0-linux-x64/dist/extension.node.js:304:17196)
    at ~/.vscode-oss/extensions/ms-toolsai.jupyter-2025.8.0-linux-x64/dist/extension.node.js:304:16314
