2025-09-20 14:36:18.748 [info] Reading sessions from keychain...
2025-09-20 14:36:18.748 [info] Getting sessions for all scopes...
2025-09-20 14:36:18.748 [info] Got 0 sessions for ...
2025-09-20 14:36:18.748 [info] Getting sessions for all scopes...
2025-09-20 14:36:18.748 [info] Got 0 sessions for ...
2025-09-20 14:36:18.748 [info] Getting sessions for all scopes...
2025-09-20 14:36:18.748 [info] Got 0 sessions for ...
2025-09-20 14:36:18.748 [info] Getting sessions for all scopes...
2025-09-20 14:36:18.748 [info] Got 0 sessions for ...
2025-09-20 14:36:18.748 [info] Getting sessions for all scopes...
2025-09-20 14:36:18.748 [info] Got 0 sessions for ...
2025-09-20 14:36:18.748 [info] Getting sessions for read:user,repo,user:email...
2025-09-20 14:36:18.748 [info] Got 0 sessions for read:user,repo,user:email...
2025-09-20 14:36:18.748 [info] Getting sessions for project,read:org,read:user,repo,user:email,workflow...
2025-09-20 14:36:18.748 [info] Got 0 sessions for project,read:org,read:user,repo,user:email,workflow...
2025-09-20 14:36:18.816 [info] Getting sessions for read:user,repo,user:email,workflow...
2025-09-20 14:36:18.816 [info] Got 0 sessions for read:user,repo,user:email,workflow...
2025-09-20 14:36:18.828 [info] Getting sessions for read:user,repo,user:email...
2025-09-20 14:36:18.828 [info] Got 0 sessions for read:user,repo,user:email...
2025-09-20 14:36:18.935 [info] Getting sessions for read:user,repo,user:email,workflow...
2025-09-20 14:36:18.935 [info] Got 0 sessions for read:user,repo,user:email,workflow...
2025-09-20 14:36:31.179 [info] Getting sessions for all scopes...
2025-09-20 14:36:31.179 [info] Got 0 sessions for ...
