2025-09-20 15:04:57.351 [info] Starting Python Locator /home/thesynthax/.vscode-oss/extensions/ms-python.python-2024.18.1-linux-x64/python-env-tools/bin/pet server
2025-09-20 15:04:57.384 [info] Discovered env: /bin/python
2025-09-20 15:04:57.387 [info] Discovered env: /usr/bin/python
2025-09-20 15:04:57.388 [info] Env ("/sbin/python") in Path resolved as ResolvedPythonEnv { executable: "/sbin/python", prefix: "/usr", version: "3.12.6.final.0", is64_bit: true, symlinks: Some(["/sbin/python"]) } and reported as Some(GlobalPaths)
2025-09-20 15:04:57.388 [info] Discovered env: /sbin/python
2025-09-20 15:04:57.391 [info] Env ("/usr/sbin/python") in Path resolved as ResolvedPythonEnv { executable: "/usr/sbin/python", prefix: "/usr", version: "3.12.6.final.0", is64_bit: true, symlinks: Some(["/usr/sbin/python"]) } and reported as Some(GlobalPaths)
2025-09-20 15:04:57.392 [info] Discovered env: /usr/sbin/python
2025-09-20 15:04:57.392 [info] Discovered env: /bin/python3
2025-09-20 15:04:57.392 [info] Env ("/usr/sbin/python3") in Path resolved as ResolvedPythonEnv { executable: "/usr/sbin/python3", prefix: "/usr", version: "3.12.6.final.0", is64_bit: true, symlinks: Some(["/usr/sbin/python3"]) } and reported as Some(GlobalPaths)
2025-09-20 15:04:57.392 [info] Discovered env: /usr/sbin/python3
2025-09-20 15:04:57.393 [info] Env ("/sbin/python3") in Path resolved as ResolvedPythonEnv { executable: "/sbin/python3", prefix: "/usr", version: "3.12.6.final.0", is64_bit: true, symlinks: Some(["/sbin/python3"]) } and reported as Some(GlobalPaths)
2025-09-20 15:04:57.393 [info] Discovered env: /sbin/python3
2025-09-20 15:04:57.393 [info] Discovered env: /usr/bin/python3
2025-09-20 15:04:57.394 [info] Discovered env: /bin/python3.13
2025-09-20 15:04:57.394 [info] Env ("/usr/sbin/python3.13") in Path resolved as ResolvedPythonEnv { executable: "/usr/sbin/python3.13", prefix: "/usr", version: "3.13.7.final.0", is64_bit: true, symlinks: Some(["/usr/sbin/python3.13"]) } and reported as Some(GlobalPaths)
2025-09-20 15:04:57.394 [info] Discovered env: /usr/sbin/python3.13
2025-09-20 15:04:57.394 [info] Env ("/sbin/python3.13") in Path resolved as ResolvedPythonEnv { executable: "/sbin/python3.13", prefix: "/usr", version: "3.13.7.final.0", is64_bit: true, symlinks: Some(["/sbin/python3.13"]) } and reported as Some(GlobalPaths)
2025-09-20 15:04:57.394 [info] Discovered env: /sbin/python3.13
2025-09-20 15:04:57.394 [info] Discovered env: /usr/bin/python3.13
2025-09-20 15:04:57.395 [info] Locator Conda took 619.273483ms
2025-09-20 15:04:57.395 [info] Locator Homebrew took 227.32µs
2025-09-20 15:04:57.395 [info] Locator LinuxGlobal took 199.316304ms
2025-09-20 15:04:57.395 [info] Locator PipEnv took 271.689µs
2025-09-20 15:04:57.395 [info] Locator Poetry took 3.094247ms
2025-09-20 15:04:57.395 [info] Locator PyEnv took 871.442µs
2025-09-20 15:04:57.395 [info] Locator Venv took 61.402µs
2025-09-20 15:04:57.395 [info] Locator VirtualEnv took 10.439µs
2025-09-20 15:04:57.395 [info] Locator VirtualEnvWrapper took 215.941µs
2025-09-20 15:04:57.395 [info] Locator GlobalVirtualEnvs took 453.146µs
2025-09-20 15:04:57.395 [info] Locator Locators took 619.444474ms
2025-09-20 15:04:57.395 [info] Locator Path took 619.157562ms
2025-09-20 15:04:57.395 [info] Locator Workspaces took 993ns
2025-09-20 15:04:57.396 [info] Refresh completed in 619ms
2025-09-20 15:04:57.401 [info] Resolved /bin/python
2025-09-20 15:05:06.782 [info] Resolved /bin/python3
2025-09-20 15:05:06.783 [info] Resolved /usr/bin/python3
2025-09-20 15:05:06.859 [info] Resolved /bin/python3.13
2025-09-20 15:05:06.860 [info] Resolved /usr/bin/python3.13
