2025-09-20 15:37:14.348 [info] Extension host with pid 421444 started
2025-09-20 15:37:14.592 [info] ExtensionService#_doActivateExtension vscode.git-base, startup: true, activationEvent: '*'
2025-09-20 15:37:14.597 [info] ExtensionService#_doActivateExtension formulahendry.auto-close-tag, startup: true, activationEvent: '*'
2025-09-20 15:37:14.679 [info] ExtensionService#_doActivateExtension formulahendry.auto-rename-tag, startup: true, activationEvent: '*'
2025-09-20 15:37:15.037 [info] ExtensionService#_doActivateExtension vscode.github, startup: true, activationEvent: '*'
2025-09-20 15:37:15.426 [info] Eager extensions activated
2025-09-20 15:37:15.427 [info] ExtensionService#_doActivateExtension vscode.debug-auto-launch, startup: false, activationEvent: 'onStartupFinished'
2025-09-20 15:37:15.430 [info] ExtensionService#_doActivateExtension vscode.merge-conflict, startup: false, activationEvent: 'onStartupFinished'
2025-09-20 15:37:15.448 [info] ExtensionService#_doActivateExtension eamodio.gitlens, startup: false, activationEvent: 'onStartupFinished'
2025-09-20 15:37:15.920 [info] ExtensionService#_doActivateExtension EditorConfig.EditorConfig, startup: false, activationEvent: 'onStartupFinished'
2025-09-20 15:37:19.153 [info] ExtensionService#_doActivateExtension Equinusocio.vsc-material-theme, startup: false, activationEvent: 'onStartupFinished'
2025-09-20 15:37:19.397 [info] ExtensionService#_doActivateExtension esbenp.prettier-vscode, startup: false, activationEvent: 'onStartupFinished'
2025-09-20 15:37:20.501 [info] ExtensionService#_doActivateExtension vscode.github-authentication, startup: false, activationEvent: 'onStartupFinished', root cause: GitHub.vscode-pull-request-github
2025-09-20 15:37:20.526 [info] ExtensionService#_doActivateExtension ms-dotnettools.vscode-dotnet-runtime, startup: false, activationEvent: 'onStartupFinished'
2025-09-20 15:37:21.425 [info] ExtensionService#_doActivateExtension TabNine.tabnine-vscode, startup: false, activationEvent: 'onStartupFinished'
2025-09-20 15:37:21.597 [info] ExtensionService#_doActivateExtension vscode-icons-team.vscode-icons, startup: false, activationEvent: 'onStartupFinished'
2025-09-20 15:37:22.136 [info] ExtensionService#_doActivateExtension vscodevim.vim, startup: false, activationEvent: 'onStartupFinished'
2025-09-20 15:37:22.562 [info] ExtensionService#_doActivateExtension zhuangtongfa.material-theme, startup: false, activationEvent: 'onStartupFinished'
2025-09-20 15:37:24.588 [info] ExtensionService#_doActivateExtension GitHub.vscode-pull-request-github, startup: false, activationEvent: 'onStartupFinished'
2025-09-20 15:37:25.762 [info] ExtensionService#_doActivateExtension vscode.configuration-editing, startup: false, activationEvent: 'onLanguage:jsonc'
2025-09-20 15:37:25.769 [info] ExtensionService#_doActivateExtension vscode.json-language-features, startup: false, activationEvent: 'onLanguage:jsonc'
2025-09-20 15:37:25.826 [info] ExtensionService#_doActivateExtension vscode.typescript-language-features, startup: false, activationEvent: 'onLanguage:jsonc'
2025-09-20 15:37:25.876 [info] ExtensionService#_doActivateExtension vscode.emmet, startup: false, activationEvent: 'onLanguage'
2025-09-20 15:37:31.773 [error] Activating extension GitHub.vscode-pull-request-github failed due to an error:
2025-09-20 15:37:31.773 [error] Error: Extension 'GitHub.vscode-pull-request-github' CANNOT use API proposal: chatSessionsProvider.
Its package.json#enabledApiProposals-property declares:  but NOT chatSessionsProvider.
 The missing proposal MUST be added and you must start in extension development mode or use the following command line switch: --enable-proposed-api GitHub.vscode-pull-request-github
    at T (file:///usr/lib/code/out/vs/workbench/api/node/extensionHostProcess.js:106:33255)
    at Object.registerChatSessionItemProvider (file:///usr/lib/code/out/vs/workbench/api/node/extensionHostProcess.js:199:128238)
    at dS (/home/thesynthax/.vscode-oss/extensions/github.vscode-pull-request-github-0.118.1/dist/extension.js:3397:9156)
    at sS (/home/thesynthax/.vscode-oss/extensions/github.vscode-pull-request-github-0.118.1/dist/extension.js:3397:6371)
    at _b.n (file:///usr/lib/code/out/vs/workbench/api/node/extensionHostProcess.js:112:13382)
    at _b.m (file:///usr/lib/code/out/vs/workbench/api/node/extensionHostProcess.js:112:13345)
    at _b.l (file:///usr/lib/code/out/vs/workbench/api/node/extensionHostProcess.js:112:12801)
2025-09-20 15:37:32.484 [error] SyntaxError: Unexpected end of JSON input
    at JSON.parse (<anonymous>)
    at /home/thesynthax/.vscode-oss/extensions/vscodevim.vim-1.30.1/out/extension.js:2:642597
2025-09-20 15:37:48.979 [info] ExtensionService#_doActivateExtension ms-toolsai.jupyter, startup: false, activationEvent: 'onLanguage:python'
2025-09-20 15:38:16.201 [info] ExtensionService#_doActivateExtension ms-python.vscode-pylance, startup: false, activationEvent: 'onLanguage:python'
2025-09-20 15:38:17.687 [warning] Could not identify extension for 'vscode' require call from file:///home/thesynthax/.vscode-oss/extensions/ms-python.vscode-pylance-2025.8.2/dist/extension.bundle.js. These are the extension path mappings: 
	file:///home/thesynthax/.vscode-oss/extensions/eamodio.gitlens-17.4.1 -> eamodio.gitlens
	file:///home/thesynthax/.vscode-oss/extensions/editorconfig.editorconfig-0.17.4 -> EditorConfig.EditorConfig
	file:///home/thesynthax/.vscode-oss/extensions/equinusocio.vsc-material-theme-34.7.13 -> Equinusocio.vsc-material-theme
	file:///home/thesynthax/.vscode-oss/extensions/esbenp.prettier-vscode-11.0.0 -> esbenp.prettier-vscode
	file:///home/thesynthax/.vscode-oss/extensions/formulahendry.auto-close-tag-0.5.15 -> formulahendry.auto-close-tag
	file:///home/thesynthax/.vscode-oss/extensions/formulahendry.auto-rename-tag-0.1.10 -> formulahendry.auto-rename-tag
	file:///home/thesynthax/.vscode-oss/extensions/github.vscode-pull-request-github-0.118.1 -> GitHub.vscode-pull-request-github
	file:///home/thesynthax/.vscode-oss/extensions/ms-azuretools.vscode-containers-2.1.0 -> ms-azuretools.vscode-containers
	file:///home/thesynthax/.vscode-oss/extensions/ms-dotnettools.vscode-dotnet-runtime-2.3.7 -> ms-dotnettools.vscode-dotnet-runtime
	file:///home/thesynthax/.vscode-oss/extensions/ms-toolsai.jupyter-2025.8.0-linux-x64 -> ms-toolsai.jupyter
	file:///home/thesynthax/.vscode-oss/extensions/ms-vscode.js-debug-nightly-2025.9.1117 -> ms-vscode.js-debug-nightly
	file:///home/thesynthax/.vscode-oss/extensions/tabnine.tabnine-vscode-3.315.0 -> TabNine.tabnine-vscode
	file:///home/thesynthax/.vscode-oss/extensions/vscode-icons-team.vscode-icons-12.14.0 -> vscode-icons-team.vscode-icons
	file:///home/thesynthax/.vscode-oss/extensions/vscodevim.vim-1.30.1 -> vscodevim.vim
	file:///home/thesynthax/.vscode-oss/extensions/zhuangtongfa.material-theme-3.19.0 -> zhuangtongfa.material-theme
	file:///usr/lib/code/extensions/configuration-editing -> vscode.configuration-editing
	file:///usr/lib/code/extensions/css-language-features -> vscode.css-language-features
	file:///usr/lib/code/extensions/debug-auto-launch -> vscode.debug-auto-launch
	file:///usr/lib/code/extensions/debug-server-ready -> vscode.debug-server-ready
	file:///usr/lib/code/extensions/emmet -> vscode.emmet
	file:///usr/lib/code/extensions/extension-editing -> vscode.extension-editing
	file:///usr/lib/code/extensions/git-base -> vscode.git-base
	file:///usr/lib/code/extensions/github -> vscode.github
	file:///usr/lib/code/extensions/github-authentication -> vscode.github-authentication
	file:///usr/lib/code/extensions/grunt -> vscode.grunt
	file:///usr/lib/code/extensions/gulp -> vscode.gulp
	file:///usr/lib/code/extensions/html-language-features -> vscode.html-language-features
	file:///usr/lib/code/extensions/ipynb -> vscode.ipynb
	file:///usr/lib/code/extensions/jake -> vscode.jake
	file:///usr/lib/code/extensions/json-language-features -> vscode.json-language-features
	file:///usr/lib/code/extensions/markdown-language-features -> vscode.markdown-language-features
	file:///usr/lib/code/extensions/markdown-math -> vscode.markdown-math
	file:///usr/lib/code/extensions/media-preview -> vscode.media-preview
	file:///usr/lib/code/extensions/merge-conflict -> vscode.merge-conflict
	file:///usr/lib/code/extensions/microsoft-authentication -> vscode.microsoft-authentication
	file:///usr/lib/code/extensions/ms-vscode.js-debug -> ms-vscode.js-debug
	file:///usr/lib/code/extensions/ms-vscode.js-debug-companion -> ms-vscode.js-debug-companion
	file:///usr/lib/code/extensions/ms-vscode.vscode-js-profile-table -> ms-vscode.vscode-js-profile-table
	file:///usr/lib/code/extensions/npm -> vscode.npm
	file:///usr/lib/code/extensions/php-language-features -> vscode.php-language-features
	file:///usr/lib/code/extensions/references-view -> vscode.references-view
	file:///usr/lib/code/extensions/search-result -> vscode.search-result
	file:///usr/lib/code/extensions/simple-browser -> vscode.simple-browser
	file:///usr/lib/code/extensions/tunnel-forwarding -> vscode.tunnel-forwarding
	file:///usr/lib/code/extensions/typescript-language-features -> vscode.typescript-language-features

2025-09-20 16:00:25.393 [info] Extension host terminating: renderer closed the MessagePort
2025-09-20 16:00:25.491 [error] An error occurred when disposing the subscriptions for extension 'eamodio.gitlens':
2025-09-20 16:00:25.813 [error] TypeError: Cannot read properties of undefined (reading 'dispose')
    at Object.dispose (file:///usr/lib/code/out/vs/workbench/api/node/extensionHostProcess.js:140:122315)
    at C0.<anonymous> (file:///usr/lib/code/out/vs/workbench/api/node/extensionHostProcess.js:108:24558)
    at C0.dispose (file:///usr/lib/code/out/vs/workbench/api/node/extensionHostProcess.js:108:24654)
    at Object.dispose (/home/thesynthax/.vscode-oss/extensions/eamodio.gitlens-17.4.1/dist/gitlens.js:111:29281)
    at /home/thesynthax/.vscode-oss/extensions/eamodio.gitlens-17.4.1/dist/gitlens.js:390:17184
    at Array.forEach (<anonymous>)
    at Object.dispose (/home/thesynthax/.vscode-oss/extensions/eamodio.gitlens-17.4.1/dist/gitlens.js:390:17166)
    at zi (file:///usr/lib/code/out/vs/workbench/api/node/extensionHostProcess.js:25:746)
    at file:///usr/lib/code/out/vs/workbench/api/node/extensionHostProcess.js:116:15158
    at file:///usr/lib/code/out/vs/workbench/api/node/extensionHostProcess.js:25:1056
    at Object.dispose (file:///usr/lib/code/out/vs/workbench/api/node/extensionHostProcess.js:8:705)
    at aJ.eb (file:///usr/lib/code/out/vs/workbench/api/node/extensionHostProcess.js:116:12031)
    at file:///usr/lib/code/out/vs/workbench/api/node/extensionHostProcess.js:116:9986
    at Array.map (<anonymous>)
    at aJ.$ (file:///usr/lib/code/out/vs/workbench/api/node/extensionHostProcess.js:116:9974)
    at aJ.terminate (file:///usr/lib/code/out/vs/workbench/api/node/extensionHostProcess.js:116:10217)
    at RP.terminate (file:///usr/lib/code/out/vs/workbench/api/node/extensionHostProcess.js:118:914)
    at bs (file:///usr/lib/code/out/vs/workbench/api/node/extensionHostProcess.js:391:10410)
    at MessagePortMain.<anonymous> (file:///usr/lib/code/out/vs/workbench/api/node/extensionHostProcess.js:391:6949)
    at MessagePortMain.emit (node:events:519:28)
    at Object.MessagePortMain._internalPort.emit (node:electron/js2c/utility_init:2:2949)
2025-09-20 16:00:25.821 [error] TypeError: r.some is not a function
    at h.saveToDisk (/home/thesynthax/.vscode-oss/extensions/vscodevim.vim-1.30.1/out/extension.js:2:642157)
    at Object.t.deactivate (/home/thesynthax/.vscode-oss/extensions/vscodevim.vim-1.30.1/out/extension.js:2:769030)
    at aJ.eb (file:///usr/lib/code/out/vs/workbench/api/node/extensionHostProcess.js:116:11836)
    at file:///usr/lib/code/out/vs/workbench/api/node/extensionHostProcess.js:116:9986
    at Array.map (<anonymous>)
    at aJ.$ (file:///usr/lib/code/out/vs/workbench/api/node/extensionHostProcess.js:116:9974)
    at aJ.terminate (file:///usr/lib/code/out/vs/workbench/api/node/extensionHostProcess.js:116:10217)
    at RP.terminate (file:///usr/lib/code/out/vs/workbench/api/node/extensionHostProcess.js:118:914)
    at bs (file:///usr/lib/code/out/vs/workbench/api/node/extensionHostProcess.js:391:10410)
    at MessagePortMain.<anonymous> (file:///usr/lib/code/out/vs/workbench/api/node/extensionHostProcess.js:391:6949)
    at MessagePortMain.emit (node:events:519:28)
    at Object.MessagePortMain._internalPort.emit (node:electron/js2c/utility_init:2:2949)
2025-09-20 16:00:27.857 [error] Error: Channel has been closed
    at s (file:///usr/lib/code/out/vs/workbench/api/node/extensionHostProcess.js:119:2431)
    at Object.appendLine (file:///usr/lib/code/out/vs/workbench/api/node/extensionHostProcess.js:119:2570)
    at Object.log (/home/thesynthax/.vscode-oss/extensions/tabnine.tabnine-vscode-3.315.0/src/utils/logger.ts:44:24)
    at Object.error (/home/thesynthax/.vscode-oss/extensions/tabnine.tabnine-vscode-3.315.0/src/utils/logger.ts:68:10)
    at t.default.request (/home/thesynthax/.vscode-oss/extensions/tabnine.tabnine-vscode-3.315.0/src/binary/Binary.ts:90:16)
    at processTicksAndRejections (node:internal/process/task_queues:105:5)
    at async Promise.all (index 18)
    at aJ.$ (file:///usr/lib/code/out/vs/workbench/api/node/extensionHostProcess.js:116:10000)
2025-09-20 16:00:28.335 [info] Extension host with pid 421444 exiting with code 0
