2025-09-20 14:21:54.004 [error] Error: Unable to read file '/home/thesynthax/.vscode-oss/extensions/eamodio.gitlens-15.5.1.-86bdf19.vsctmp/package.json' (Error: Unable to resolve nonexistent file '/home/thesynthax/.vscode-oss/extensions/eamodio.gitlens-15.5.1.-86bdf19.vsctmp/package.json')
    at qh.G (file:///usr/lib/code/out/vs/code/electron-utility/sharedProcess/sharedProcessMain.js:74:89755)
    at qh.F (file:///usr/lib/code/out/vs/code/electron-utility/sharedProcess/sharedProcessMain.js:74:89580)
    at async qh.D (file:///usr/lib/code/out/vs/code/electron-utility/sharedProcess/sharedProcessMain.js:74:88952)
    at async Ea.u (file:///usr/lib/code/out/vs/code/electron-utility/sharedProcess/sharedProcessMain.js:74:45762)
    at async Ea.scanExtension (file:///usr/lib/code/out/vs/code/electron-utility/sharedProcess/sharedProcessMain.js:74:44269)
    at async Promise.all (index 6)
    at async Ea.r (file:///usr/lib/code/out/vs/code/electron-utility/sharedProcess/sharedProcessMain.js:74:42695)
    at async mf.scanAllUserExtensions (file:///usr/lib/code/out/vs/code/electron-utility/sharedProcess/sharedProcessMain.js:74:35555)
    at async Bh.scanAllUserExtensions (file:///usr/lib/code/out/vs/code/electron-utility/sharedProcess/sharedProcessMain.js:74:69653)
    at async B9.H (file:///usr/lib/code/out/vs/code/electron-utility/sharedProcess/sharedProcessMain.js:74:59467)
    at async B9.s (file:///usr/lib/code/out/vs/code/electron-utility/sharedProcess/sharedProcessMain.js:74:57362)
2025-09-20 14:21:54.004 [error] Error: Unable to read file '/home/thesynthax/.vscode-oss/extensions/equinusocio.vsc-material-theme-34.7.5.547c6dd3.vsctmp/package.json' (Error: Unable to resolve nonexistent file '/home/thesynthax/.vscode-oss/extensions/equinusocio.vsc-material-theme-34.7.5.547c6dd3.vsctmp/package.json')
    at qh.G (file:///usr/lib/code/out/vs/code/electron-utility/sharedProcess/sharedProcessMain.js:74:89755)
    at qh.F (file:///usr/lib/code/out/vs/code/electron-utility/sharedProcess/sharedProcessMain.js:74:89580)
    at async qh.D (file:///usr/lib/code/out/vs/code/electron-utility/sharedProcess/sharedProcessMain.js:74:88952)
    at async Ea.u (file:///usr/lib/code/out/vs/code/electron-utility/sharedProcess/sharedProcessMain.js:74:45762)
    at async Ea.scanExtension (file:///usr/lib/code/out/vs/code/electron-utility/sharedProcess/sharedProcessMain.js:74:44269)
    at async Promise.all (index 13)
    at async Ea.r (file:///usr/lib/code/out/vs/code/electron-utility/sharedProcess/sharedProcessMain.js:74:42695)
    at async mf.scanAllUserExtensions (file:///usr/lib/code/out/vs/code/electron-utility/sharedProcess/sharedProcessMain.js:74:35555)
    at async Bh.scanAllUserExtensions (file:///usr/lib/code/out/vs/code/electron-utility/sharedProcess/sharedProcessMain.js:74:69653)
    at async B9.H (file:///usr/lib/code/out/vs/code/electron-utility/sharedProcess/sharedProcessMain.js:74:59467)
    at async B9.s (file:///usr/lib/code/out/vs/code/electron-utility/sharedProcess/sharedProcessMain.js:74:57362)
2025-09-20 14:21:54.004 [error] Error: Unable to read file '/home/thesynthax/.vscode-oss/extensions/equinusocio.vsc-material-theme-icons-3.8.8.230d6460.vsctmp/package.json' (Error: Unable to resolve nonexistent file '/home/thesynthax/.vscode-oss/extensions/equinusocio.vsc-material-theme-icons-3.8.8.230d6460.vsctmp/package.json')
    at qh.G (file:///usr/lib/code/out/vs/code/electron-utility/sharedProcess/sharedProcessMain.js:74:89755)
    at qh.F (file:///usr/lib/code/out/vs/code/electron-utility/sharedProcess/sharedProcessMain.js:74:89580)
    at async qh.D (file:///usr/lib/code/out/vs/code/electron-utility/sharedProcess/sharedProcessMain.js:74:88952)
    at async Ea.u (file:///usr/lib/code/out/vs/code/electron-utility/sharedProcess/sharedProcessMain.js:74:45762)
    at async Ea.scanExtension (file:///usr/lib/code/out/vs/code/electron-utility/sharedProcess/sharedProcessMain.js:74:44269)
    at async Promise.all (index 17)
    at async Ea.r (file:///usr/lib/code/out/vs/code/electron-utility/sharedProcess/sharedProcessMain.js:74:42695)
    at async mf.scanAllUserExtensions (file:///usr/lib/code/out/vs/code/electron-utility/sharedProcess/sharedProcessMain.js:74:35555)
    at async Bh.scanAllUserExtensions (file:///usr/lib/code/out/vs/code/electron-utility/sharedProcess/sharedProcessMain.js:74:69653)
    at async B9.H (file:///usr/lib/code/out/vs/code/electron-utility/sharedProcess/sharedProcessMain.js:74:59467)
    at async B9.s (file:///usr/lib/code/out/vs/code/electron-utility/sharedProcess/sharedProcessMain.js:74:57362)
2025-09-20 14:21:54.005 [error] Error: Unable to read file '/home/thesynthax/.vscode-oss/extensions/github.vscode-pull-request-github-0.98.0.-549f116f.vsctmp/package.json' (Error: Unable to resolve nonexistent file '/home/thesynthax/.vscode-oss/extensions/github.vscode-pull-request-github-0.98.0.-549f116f.vsctmp/package.json')
    at qh.G (file:///usr/lib/code/out/vs/code/electron-utility/sharedProcess/sharedProcessMain.js:74:89755)
    at qh.F (file:///usr/lib/code/out/vs/code/electron-utility/sharedProcess/sharedProcessMain.js:74:89580)
    at async qh.D (file:///usr/lib/code/out/vs/code/electron-utility/sharedProcess/sharedProcessMain.js:74:88952)
    at async Ea.u (file:///usr/lib/code/out/vs/code/electron-utility/sharedProcess/sharedProcessMain.js:74:45762)
    at async Ea.scanExtension (file:///usr/lib/code/out/vs/code/electron-utility/sharedProcess/sharedProcessMain.js:74:44269)
    at async Promise.all (index 25)
    at async Ea.r (file:///usr/lib/code/out/vs/code/electron-utility/sharedProcess/sharedProcessMain.js:74:42695)
    at async mf.scanAllUserExtensions (file:///usr/lib/code/out/vs/code/electron-utility/sharedProcess/sharedProcessMain.js:74:35555)
    at async Bh.scanAllUserExtensions (file:///usr/lib/code/out/vs/code/electron-utility/sharedProcess/sharedProcessMain.js:74:69653)
    at async B9.H (file:///usr/lib/code/out/vs/code/electron-utility/sharedProcess/sharedProcessMain.js:74:59467)
    at async B9.s (file:///usr/lib/code/out/vs/code/electron-utility/sharedProcess/sharedProcessMain.js:74:57362)
2025-09-20 14:21:54.005 [error] Error: Unable to read file '/home/thesynthax/.vscode-oss/extensions/ms-dotnettools.csharp-2.45.25-linux-x64.cd5ef4e.vsctmp/package.json' (Error: Unable to resolve nonexistent file '/home/thesynthax/.vscode-oss/extensions/ms-dotnettools.csharp-2.45.25-linux-x64.cd5ef4e.vsctmp/package.json')
    at qh.G (file:///usr/lib/code/out/vs/code/electron-utility/sharedProcess/sharedProcessMain.js:74:89755)
    at qh.F (file:///usr/lib/code/out/vs/code/electron-utility/sharedProcess/sharedProcessMain.js:74:89580)
    at async qh.D (file:///usr/lib/code/out/vs/code/electron-utility/sharedProcess/sharedProcessMain.js:74:88952)
    at async Ea.u (file:///usr/lib/code/out/vs/code/electron-utility/sharedProcess/sharedProcessMain.js:74:45762)
    at async Ea.scanExtension (file:///usr/lib/code/out/vs/code/electron-utility/sharedProcess/sharedProcessMain.js:74:44269)
    at async Promise.all (index 31)
    at async Ea.r (file:///usr/lib/code/out/vs/code/electron-utility/sharedProcess/sharedProcessMain.js:74:42695)
    at async mf.scanAllUserExtensions (file:///usr/lib/code/out/vs/code/electron-utility/sharedProcess/sharedProcessMain.js:74:35555)
    at async Bh.scanAllUserExtensions (file:///usr/lib/code/out/vs/code/electron-utility/sharedProcess/sharedProcessMain.js:74:69653)
    at async B9.H (file:///usr/lib/code/out/vs/code/electron-utility/sharedProcess/sharedProcessMain.js:74:59467)
    at async B9.s (file:///usr/lib/code/out/vs/code/electron-utility/sharedProcess/sharedProcessMain.js:74:57362)
2025-09-20 14:21:54.005 [error] Error: Unable to read file '/home/thesynthax/.vscode-oss/extensions/ms-dotnettools.vscode-dotnet-runtime-2.1.7.17e4c408.vsctmp/package.json' (Error: Unable to resolve nonexistent file '/home/thesynthax/.vscode-oss/extensions/ms-dotnettools.vscode-dotnet-runtime-2.1.7.17e4c408.vsctmp/package.json')
    at qh.G (file:///usr/lib/code/out/vs/code/electron-utility/sharedProcess/sharedProcessMain.js:74:89755)
    at qh.F (file:///usr/lib/code/out/vs/code/electron-utility/sharedProcess/sharedProcessMain.js:74:89580)
    at async qh.D (file:///usr/lib/code/out/vs/code/electron-utility/sharedProcess/sharedProcessMain.js:74:88952)
    at async Ea.u (file:///usr/lib/code/out/vs/code/electron-utility/sharedProcess/sharedProcessMain.js:74:45762)
    at async Ea.scanExtension (file:///usr/lib/code/out/vs/code/electron-utility/sharedProcess/sharedProcessMain.js:74:44269)
    at async Promise.all (index 33)
    at async Ea.r (file:///usr/lib/code/out/vs/code/electron-utility/sharedProcess/sharedProcessMain.js:74:42695)
    at async mf.scanAllUserExtensions (file:///usr/lib/code/out/vs/code/electron-utility/sharedProcess/sharedProcessMain.js:74:35555)
    at async Bh.scanAllUserExtensions (file:///usr/lib/code/out/vs/code/electron-utility/sharedProcess/sharedProcessMain.js:74:69653)
    at async B9.H (file:///usr/lib/code/out/vs/code/electron-utility/sharedProcess/sharedProcessMain.js:74:59467)
    at async B9.s (file:///usr/lib/code/out/vs/code/electron-utility/sharedProcess/sharedProcessMain.js:74:57362)
2025-09-20 14:21:54.005 [error] Error: Unable to read file '/home/thesynthax/.vscode-oss/extensions/ms-python.debugpy-2024.10.0-linux-x64.36de5298.vsctmp/package.json' (Error: Unable to resolve nonexistent file '/home/thesynthax/.vscode-oss/extensions/ms-python.debugpy-2024.10.0-linux-x64.36de5298.vsctmp/package.json')
    at qh.G (file:///usr/lib/code/out/vs/code/electron-utility/sharedProcess/sharedProcessMain.js:74:89755)
    at qh.F (file:///usr/lib/code/out/vs/code/electron-utility/sharedProcess/sharedProcessMain.js:74:89580)
    at async qh.D (file:///usr/lib/code/out/vs/code/electron-utility/sharedProcess/sharedProcessMain.js:74:88952)
    at async Ea.u (file:///usr/lib/code/out/vs/code/electron-utility/sharedProcess/sharedProcessMain.js:74:45762)
    at async Ea.scanExtension (file:///usr/lib/code/out/vs/code/electron-utility/sharedProcess/sharedProcessMain.js:74:44269)
    at async Promise.all (index 35)
    at async Ea.r (file:///usr/lib/code/out/vs/code/electron-utility/sharedProcess/sharedProcessMain.js:74:42695)
    at async mf.scanAllUserExtensions (file:///usr/lib/code/out/vs/code/electron-utility/sharedProcess/sharedProcessMain.js:74:35555)
    at async Bh.scanAllUserExtensions (file:///usr/lib/code/out/vs/code/electron-utility/sharedProcess/sharedProcessMain.js:74:69653)
    at async B9.H (file:///usr/lib/code/out/vs/code/electron-utility/sharedProcess/sharedProcessMain.js:74:59467)
    at async B9.s (file:///usr/lib/code/out/vs/code/electron-utility/sharedProcess/sharedProcessMain.js:74:57362)
2025-09-20 14:21:54.006 [error] Error: Unable to read file '/home/thesynthax/.vscode-oss/extensions/ms-python.python-2024.14.1-linux-x64.309149ee.vsctmp/package.json' (Error: Unable to resolve nonexistent file '/home/thesynthax/.vscode-oss/extensions/ms-python.python-2024.14.1-linux-x64.309149ee.vsctmp/package.json')
    at qh.G (file:///usr/lib/code/out/vs/code/electron-utility/sharedProcess/sharedProcessMain.js:74:89755)
    at qh.F (file:///usr/lib/code/out/vs/code/electron-utility/sharedProcess/sharedProcessMain.js:74:89580)
    at async qh.D (file:///usr/lib/code/out/vs/code/electron-utility/sharedProcess/sharedProcessMain.js:74:88952)
    at async Ea.u (file:///usr/lib/code/out/vs/code/electron-utility/sharedProcess/sharedProcessMain.js:74:45762)
    at async Ea.scanExtension (file:///usr/lib/code/out/vs/code/electron-utility/sharedProcess/sharedProcessMain.js:74:44269)
    at async Promise.all (index 37)
    at async Ea.r (file:///usr/lib/code/out/vs/code/electron-utility/sharedProcess/sharedProcessMain.js:74:42695)
    at async mf.scanAllUserExtensions (file:///usr/lib/code/out/vs/code/electron-utility/sharedProcess/sharedProcessMain.js:74:35555)
    at async Bh.scanAllUserExtensions (file:///usr/lib/code/out/vs/code/electron-utility/sharedProcess/sharedProcessMain.js:74:69653)
    at async B9.H (file:///usr/lib/code/out/vs/code/electron-utility/sharedProcess/sharedProcessMain.js:74:59467)
    at async B9.s (file:///usr/lib/code/out/vs/code/electron-utility/sharedProcess/sharedProcessMain.js:74:57362)
2025-09-20 14:21:54.006 [error] Error: Unable to read file '/home/thesynthax/.vscode-oss/extensions/ms-python.vscode-pylance-2024.9.2.-1b94a813.vsctmp/package.json' (Error: Unable to resolve nonexistent file '/home/thesynthax/.vscode-oss/extensions/ms-python.vscode-pylance-2024.9.2.-1b94a813.vsctmp/package.json')
    at qh.G (file:///usr/lib/code/out/vs/code/electron-utility/sharedProcess/sharedProcessMain.js:74:89755)
    at qh.F (file:///usr/lib/code/out/vs/code/electron-utility/sharedProcess/sharedProcessMain.js:74:89580)
    at async qh.D (file:///usr/lib/code/out/vs/code/electron-utility/sharedProcess/sharedProcessMain.js:74:88952)
    at async Ea.u (file:///usr/lib/code/out/vs/code/electron-utility/sharedProcess/sharedProcessMain.js:74:45762)
    at async Ea.scanExtension (file:///usr/lib/code/out/vs/code/electron-utility/sharedProcess/sharedProcessMain.js:74:44269)
    at async Promise.all (index 40)
    at async Ea.r (file:///usr/lib/code/out/vs/code/electron-utility/sharedProcess/sharedProcessMain.js:74:42695)
    at async mf.scanAllUserExtensions (file:///usr/lib/code/out/vs/code/electron-utility/sharedProcess/sharedProcessMain.js:74:35555)
    at async Bh.scanAllUserExtensions (file:///usr/lib/code/out/vs/code/electron-utility/sharedProcess/sharedProcessMain.js:74:69653)
    at async B9.H (file:///usr/lib/code/out/vs/code/electron-utility/sharedProcess/sharedProcessMain.js:74:59467)
    at async B9.s (file:///usr/lib/code/out/vs/code/electron-utility/sharedProcess/sharedProcessMain.js:74:57362)
2025-09-20 14:21:54.006 [error] Error: Unable to read file '/home/thesynthax/.vscode-oss/extensions/ms-toolsai.jupyter-2024.8.1-linux-x64.5d6c2a33.vsctmp/package.json' (Error: Unable to resolve nonexistent file '/home/thesynthax/.vscode-oss/extensions/ms-toolsai.jupyter-2024.8.1-linux-x64.5d6c2a33.vsctmp/package.json')
    at qh.G (file:///usr/lib/code/out/vs/code/electron-utility/sharedProcess/sharedProcessMain.js:74:89755)
    at qh.F (file:///usr/lib/code/out/vs/code/electron-utility/sharedProcess/sharedProcessMain.js:74:89580)
    at async qh.D (file:///usr/lib/code/out/vs/code/electron-utility/sharedProcess/sharedProcessMain.js:74:88952)
    at async Ea.u (file:///usr/lib/code/out/vs/code/electron-utility/sharedProcess/sharedProcessMain.js:74:45762)
    at async Ea.scanExtension (file:///usr/lib/code/out/vs/code/electron-utility/sharedProcess/sharedProcessMain.js:74:44269)
    at async Promise.all (index 42)
    at async Ea.r (file:///usr/lib/code/out/vs/code/electron-utility/sharedProcess/sharedProcessMain.js:74:42695)
    at async mf.scanAllUserExtensions (file:///usr/lib/code/out/vs/code/electron-utility/sharedProcess/sharedProcessMain.js:74:35555)
    at async Bh.scanAllUserExtensions (file:///usr/lib/code/out/vs/code/electron-utility/sharedProcess/sharedProcessMain.js:74:69653)
    at async B9.H (file:///usr/lib/code/out/vs/code/electron-utility/sharedProcess/sharedProcessMain.js:74:59467)
    at async B9.s (file:///usr/lib/code/out/vs/code/electron-utility/sharedProcess/sharedProcessMain.js:74:57362)
2025-09-20 14:21:54.007 [error] Error: Unable to read file '/home/thesynthax/.vscode-oss/extensions/ms-toolsai.jupyter-renderers-1.0.19.1afe7693.vsctmp/package.json' (Error: Unable to resolve nonexistent file '/home/thesynthax/.vscode-oss/extensions/ms-toolsai.jupyter-renderers-1.0.19.1afe7693.vsctmp/package.json')
    at qh.G (file:///usr/lib/code/out/vs/code/electron-utility/sharedProcess/sharedProcessMain.js:74:89755)
    at qh.F (file:///usr/lib/code/out/vs/code/electron-utility/sharedProcess/sharedProcessMain.js:74:89580)
    at async qh.D (file:///usr/lib/code/out/vs/code/electron-utility/sharedProcess/sharedProcessMain.js:74:88952)
    at async Ea.u (file:///usr/lib/code/out/vs/code/electron-utility/sharedProcess/sharedProcessMain.js:74:45762)
    at async Ea.scanExtension (file:///usr/lib/code/out/vs/code/electron-utility/sharedProcess/sharedProcessMain.js:74:44269)
    at async Promise.all (index 44)
    at async Ea.r (file:///usr/lib/code/out/vs/code/electron-utility/sharedProcess/sharedProcessMain.js:74:42695)
    at async mf.scanAllUserExtensions (file:///usr/lib/code/out/vs/code/electron-utility/sharedProcess/sharedProcessMain.js:74:35555)
    at async Bh.scanAllUserExtensions (file:///usr/lib/code/out/vs/code/electron-utility/sharedProcess/sharedProcessMain.js:74:69653)
    at async B9.H (file:///usr/lib/code/out/vs/code/electron-utility/sharedProcess/sharedProcessMain.js:74:59467)
    at async B9.s (file:///usr/lib/code/out/vs/code/electron-utility/sharedProcess/sharedProcessMain.js:74:57362)
2025-09-20 14:21:54.007 [error] Error: Unable to read file '/home/thesynthax/.vscode-oss/extensions/ms-vscode.cpptools-1.21.6-linux-x64.1a25c518.vsctmp/package.json' (Error: Unable to resolve nonexistent file '/home/thesynthax/.vscode-oss/extensions/ms-vscode.cpptools-1.21.6-linux-x64.1a25c518.vsctmp/package.json')
    at qh.G (file:///usr/lib/code/out/vs/code/electron-utility/sharedProcess/sharedProcessMain.js:74:89755)
    at qh.F (file:///usr/lib/code/out/vs/code/electron-utility/sharedProcess/sharedProcessMain.js:74:89580)
    at async qh.D (file:///usr/lib/code/out/vs/code/electron-utility/sharedProcess/sharedProcessMain.js:74:88952)
    at async Ea.u (file:///usr/lib/code/out/vs/code/electron-utility/sharedProcess/sharedProcessMain.js:74:45762)
    at async Ea.scanExtension (file:///usr/lib/code/out/vs/code/electron-utility/sharedProcess/sharedProcessMain.js:74:44269)
    at async Promise.all (index 49)
    at async Ea.r (file:///usr/lib/code/out/vs/code/electron-utility/sharedProcess/sharedProcessMain.js:74:42695)
    at async mf.scanAllUserExtensions (file:///usr/lib/code/out/vs/code/electron-utility/sharedProcess/sharedProcessMain.js:74:35555)
    at async Bh.scanAllUserExtensions (file:///usr/lib/code/out/vs/code/electron-utility/sharedProcess/sharedProcessMain.js:74:69653)
    at async B9.H (file:///usr/lib/code/out/vs/code/electron-utility/sharedProcess/sharedProcessMain.js:74:59467)
    at async B9.s (file:///usr/lib/code/out/vs/code/electron-utility/sharedProcess/sharedProcessMain.js:74:57362)
2025-09-20 14:21:54.007 [error] Error: Unable to read file '/home/thesynthax/.vscode-oss/extensions/ms-vscode.js-debug-nightly-2024.10.317.8e06c41.vsctmp/package.json' (Error: Unable to resolve nonexistent file '/home/thesynthax/.vscode-oss/extensions/ms-vscode.js-debug-nightly-2024.10.317.8e06c41.vsctmp/package.json')
    at qh.G (file:///usr/lib/code/out/vs/code/electron-utility/sharedProcess/sharedProcessMain.js:74:89755)
    at qh.F (file:///usr/lib/code/out/vs/code/electron-utility/sharedProcess/sharedProcessMain.js:74:89580)
    at async qh.D (file:///usr/lib/code/out/vs/code/electron-utility/sharedProcess/sharedProcessMain.js:74:88952)
    at async Ea.u (file:///usr/lib/code/out/vs/code/electron-utility/sharedProcess/sharedProcessMain.js:74:45762)
    at async Ea.scanExtension (file:///usr/lib/code/out/vs/code/electron-utility/sharedProcess/sharedProcessMain.js:74:44269)
    at async Promise.all (index 53)
    at async Ea.r (file:///usr/lib/code/out/vs/code/electron-utility/sharedProcess/sharedProcessMain.js:74:42695)
    at async mf.scanAllUserExtensions (file:///usr/lib/code/out/vs/code/electron-utility/sharedProcess/sharedProcessMain.js:74:35555)
    at async Bh.scanAllUserExtensions (file:///usr/lib/code/out/vs/code/electron-utility/sharedProcess/sharedProcessMain.js:74:69653)
    at async B9.H (file:///usr/lib/code/out/vs/code/electron-utility/sharedProcess/sharedProcessMain.js:74:59467)
    at async B9.s (file:///usr/lib/code/out/vs/code/electron-utility/sharedProcess/sharedProcessMain.js:74:57362)
2025-09-20 14:21:54.007 [error] Error: Unable to read file '/home/thesynthax/.vscode-oss/extensions/ms-vscode.vscode-typescript-next-5.7.20241003.-7a30894d.vsctmp/package.json' (Error: Unable to resolve nonexistent file '/home/thesynthax/.vscode-oss/extensions/ms-vscode.vscode-typescript-next-5.7.20241003.-7a30894d.vsctmp/package.json')
    at qh.G (file:///usr/lib/code/out/vs/code/electron-utility/sharedProcess/sharedProcessMain.js:74:89755)
    at qh.F (file:///usr/lib/code/out/vs/code/electron-utility/sharedProcess/sharedProcessMain.js:74:89580)
    at async qh.D (file:///usr/lib/code/out/vs/code/electron-utility/sharedProcess/sharedProcessMain.js:74:88952)
    at async Ea.u (file:///usr/lib/code/out/vs/code/electron-utility/sharedProcess/sharedProcessMain.js:74:45762)
    at async Ea.scanExtension (file:///usr/lib/code/out/vs/code/electron-utility/sharedProcess/sharedProcessMain.js:74:44269)
    at async Promise.all (index 55)
    at async Ea.r (file:///usr/lib/code/out/vs/code/electron-utility/sharedProcess/sharedProcessMain.js:74:42695)
    at async mf.scanAllUserExtensions (file:///usr/lib/code/out/vs/code/electron-utility/sharedProcess/sharedProcessMain.js:74:35555)
    at async Bh.scanAllUserExtensions (file:///usr/lib/code/out/vs/code/electron-utility/sharedProcess/sharedProcessMain.js:74:69653)
    at async B9.H (file:///usr/lib/code/out/vs/code/electron-utility/sharedProcess/sharedProcessMain.js:74:59467)
    at async B9.s (file:///usr/lib/code/out/vs/code/electron-utility/sharedProcess/sharedProcessMain.js:74:57362)
2025-09-20 14:21:54.008 [error] Error: Unable to read file '/home/thesynthax/.vscode-oss/extensions/robbowen.synthwave-vscode-0.1.15.10160793.vsctmp/package.json' (Error: Unable to resolve nonexistent file '/home/thesynthax/.vscode-oss/extensions/robbowen.synthwave-vscode-0.1.15.10160793.vsctmp/package.json')
    at qh.G (file:///usr/lib/code/out/vs/code/electron-utility/sharedProcess/sharedProcessMain.js:74:89755)
    at qh.F (file:///usr/lib/code/out/vs/code/electron-utility/sharedProcess/sharedProcessMain.js:74:89580)
    at async qh.D (file:///usr/lib/code/out/vs/code/electron-utility/sharedProcess/sharedProcessMain.js:74:88952)
    at async Ea.u (file:///usr/lib/code/out/vs/code/electron-utility/sharedProcess/sharedProcessMain.js:74:45762)
    at async Ea.scanExtension (file:///usr/lib/code/out/vs/code/electron-utility/sharedProcess/sharedProcessMain.js:74:44269)
    at async Promise.all (index 62)
    at async Ea.r (file:///usr/lib/code/out/vs/code/electron-utility/sharedProcess/sharedProcessMain.js:74:42695)
    at async mf.scanAllUserExtensions (file:///usr/lib/code/out/vs/code/electron-utility/sharedProcess/sharedProcessMain.js:74:35555)
    at async Bh.scanAllUserExtensions (file:///usr/lib/code/out/vs/code/electron-utility/sharedProcess/sharedProcessMain.js:74:69653)
    at async B9.H (file:///usr/lib/code/out/vs/code/electron-utility/sharedProcess/sharedProcessMain.js:74:59467)
    at async B9.s (file:///usr/lib/code/out/vs/code/electron-utility/sharedProcess/sharedProcessMain.js:74:57362)
2025-09-20 14:21:54.008 [error] Error: Unable to read file '/home/thesynthax/.vscode-oss/extensions/tabnine.tabnine-vscode-3.166.0.-406ca7c2.vsctmp/package.json' (Error: Unable to resolve nonexistent file '/home/thesynthax/.vscode-oss/extensions/tabnine.tabnine-vscode-3.166.0.-406ca7c2.vsctmp/package.json')
    at qh.G (file:///usr/lib/code/out/vs/code/electron-utility/sharedProcess/sharedProcessMain.js:74:89755)
    at qh.F (file:///usr/lib/code/out/vs/code/electron-utility/sharedProcess/sharedProcessMain.js:74:89580)
    at async qh.D (file:///usr/lib/code/out/vs/code/electron-utility/sharedProcess/sharedProcessMain.js:74:88952)
    at async Ea.u (file:///usr/lib/code/out/vs/code/electron-utility/sharedProcess/sharedProcessMain.js:74:45762)
    at async Ea.scanExtension (file:///usr/lib/code/out/vs/code/electron-utility/sharedProcess/sharedProcessMain.js:74:44269)
    at async Promise.all (index 65)
    at async Ea.r (file:///usr/lib/code/out/vs/code/electron-utility/sharedProcess/sharedProcessMain.js:74:42695)
    at async mf.scanAllUserExtensions (file:///usr/lib/code/out/vs/code/electron-utility/sharedProcess/sharedProcessMain.js:74:35555)
    at async Bh.scanAllUserExtensions (file:///usr/lib/code/out/vs/code/electron-utility/sharedProcess/sharedProcessMain.js:74:69653)
    at async B9.H (file:///usr/lib/code/out/vs/code/electron-utility/sharedProcess/sharedProcessMain.js:74:59467)
    at async B9.s (file:///usr/lib/code/out/vs/code/electron-utility/sharedProcess/sharedProcessMain.js:74:57362)
2025-09-20 14:21:54.008 [error] Error: Unable to read file '/home/thesynthax/.vscode-oss/extensions/zhuangtongfa.material-theme-3.17.5.743020ac.vsctmp/package.json' (Error: Unable to resolve nonexistent file '/home/thesynthax/.vscode-oss/extensions/zhuangtongfa.material-theme-3.17.5.743020ac.vsctmp/package.json')
    at qh.G (file:///usr/lib/code/out/vs/code/electron-utility/sharedProcess/sharedProcessMain.js:74:89755)
    at qh.F (file:///usr/lib/code/out/vs/code/electron-utility/sharedProcess/sharedProcessMain.js:74:89580)
    at async qh.D (file:///usr/lib/code/out/vs/code/electron-utility/sharedProcess/sharedProcessMain.js:74:88952)
    at async Ea.u (file:///usr/lib/code/out/vs/code/electron-utility/sharedProcess/sharedProcessMain.js:74:45762)
    at async Ea.scanExtension (file:///usr/lib/code/out/vs/code/electron-utility/sharedProcess/sharedProcessMain.js:74:44269)
    at async Promise.all (index 77)
    at async Ea.r (file:///usr/lib/code/out/vs/code/electron-utility/sharedProcess/sharedProcessMain.js:74:42695)
    at async mf.scanAllUserExtensions (file:///usr/lib/code/out/vs/code/electron-utility/sharedProcess/sharedProcessMain.js:74:35555)
    at async Bh.scanAllUserExtensions (file:///usr/lib/code/out/vs/code/electron-utility/sharedProcess/sharedProcessMain.js:74:69653)
    at async B9.H (file:///usr/lib/code/out/vs/code/electron-utility/sharedProcess/sharedProcessMain.js:74:59467)
    at async B9.s (file:///usr/lib/code/out/vs/code/electron-utility/sharedProcess/sharedProcessMain.js:74:57362)
