2025-09-20 14:36:13.284 [info] Started local extension host with pid 393816.
2025-09-20 14:36:15.960 [error] Extension 'github.vscode-pull-request-github' wants API proposal 'fileComments' but that proposal DOES NOT EXIST. Likely, the proposal has been finalized (check 'vscode.d.ts') or was abandoned.
2025-09-20 14:36:15.961 [error] Extension 'GitHub.vscode-pull-request-github CANNOT USE these API proposals 'activeComment, codiconDecoration, codeActionRanges, commentingRangeHint, commentReactor, commentReveal, commentThreadApplicability, contribAccessibilityHelpContent, contribCommentEditorActionsMenu, contribCommentPeekContext, contribCommentThreadAdditionalMenu, contribCommentsViewThreadMenus, contribEditorContentMenu, contribShareMenu, diffCommand, quickDiffProvider, shareProvider, tokenInformation, treeViewMarkdownMessage'. You MUST start in extension development mode or use the --enable-proposed-api command line flag
2025-09-20 14:36:15.961 [error] Extension 'ms-python.debugpy' wants API proposal 'contribIssueReporter' but that proposal DOES NOT EXIST. Likely, the proposal has been finalized (check 'vscode.d.ts') or was abandoned.
2025-09-20 14:36:15.961 [error] Extension 'ms-python.debugpy CANNOT USE these API proposals 'portsAttributes, debugVisualization, contribViewsWelcome'. You MUST start in extension development mode or use the --enable-proposed-api command line flag
2025-09-20 14:36:15.962 [error] Extension 'ms-python.python' wants API proposal 'contribIssueReporter' but that proposal DOES NOT EXIST. Likely, the proposal has been finalized (check 'vscode.d.ts') or was abandoned.
2025-09-20 14:36:15.962 [error] Extension 'ms-python.python CANNOT USE these API proposals 'contribEditorContentMenu, quickPickSortByLabel, testObserver, quickPickItemTooltip, terminalDataWriteEvent, terminalExecuteCommandEvent, codeActionAI, notebookReplDocument, notebookVariableProvider'. You MUST start in extension development mode or use the --enable-proposed-api command line flag
2025-09-20 14:36:15.963 [error] Extension 'ms-toolsai.jupyter CANNOT USE these API proposals 'notebookDeprecated, notebookMessaging, notebookMime, contribNotebookStaticPreloads, portsAttributes, quickPickSortByLabel, notebookKernelSource, interactiveWindow, quickPickItemTooltip, notebookExecution, notebookCellExecution, notebookVariableProvider, notebookReplDocument'. You MUST start in extension development mode or use the --enable-proposed-api command line flag
2025-09-20 14:36:15.964 [error] Extension 'ms-toolsai.jupyter-renderers CANNOT USE these API proposals 'contribNotebookStaticPreloads'. You MUST start in extension development mode or use the --enable-proposed-api command line flag
2025-09-20 14:36:15.964 [error] Extension 'ms-vscode.cpptools' wants API proposal 'lmTools' but that proposal DOES NOT EXIST. Likely, the proposal has been finalized (check 'vscode.d.ts') or was abandoned.
2025-09-20 14:36:15.965 [error] Extension 'ms-vscode.cpptools CANNOT USE these API proposals 'terminalDataWriteEvent'. You MUST start in extension development mode or use the --enable-proposed-api command line flag
2025-09-20 14:36:15.965 [error] Extension 'ms-vscode.js-debug-nightly CANNOT USE these API proposals 'portsAttributes, workspaceTrust, tunnels'. You MUST start in extension development mode or use the --enable-proposed-api command line flag
2025-09-20 14:36:16.022 [info] [ms-vscode.js-debug-nightly]: Command `extension.js-debug.prettyPrint` already registered by JavaScript Debugger (ms-vscode.js-debug)
2025-09-20 14:36:16.022 [info] [ms-vscode.js-debug-nightly]: Command `extension.js-debug.toggleSkippingFile` already registered by JavaScript Debugger (ms-vscode.js-debug)
2025-09-20 14:36:16.023 [info] [ms-vscode.js-debug-nightly]: Command `extension.js-debug.addCustomBreakpoints` already registered by JavaScript Debugger (ms-vscode.js-debug)
2025-09-20 14:36:16.023 [info] [ms-vscode.js-debug-nightly]: Command `extension.js-debug.removeAllCustomBreakpoints` already registered by JavaScript Debugger (ms-vscode.js-debug)
2025-09-20 14:36:16.023 [info] [ms-vscode.js-debug-nightly]: Command `extension.js-debug.addXHRBreakpoints` already registered by JavaScript Debugger (ms-vscode.js-debug)
2025-09-20 14:36:16.024 [info] [ms-vscode.js-debug-nightly]: Command `extension.js-debug.removeXHRBreakpoint` already registered by JavaScript Debugger (ms-vscode.js-debug)
2025-09-20 14:36:16.024 [info] [ms-vscode.js-debug-nightly]: Command `extension.js-debug.editXHRBreakpoints` already registered by JavaScript Debugger (ms-vscode.js-debug)
2025-09-20 14:36:16.024 [info] [ms-vscode.js-debug-nightly]: Command `extension.pwa-node-debug.attachNodeProcess` already registered by JavaScript Debugger (ms-vscode.js-debug)
2025-09-20 14:36:16.024 [info] [ms-vscode.js-debug-nightly]: Command `extension.js-debug.npmScript` already registered by JavaScript Debugger (ms-vscode.js-debug)
2025-09-20 14:36:16.024 [info] [ms-vscode.js-debug-nightly]: Command `extension.js-debug.createDebuggerTerminal` already registered by JavaScript Debugger (ms-vscode.js-debug)
2025-09-20 14:36:16.024 [info] [ms-vscode.js-debug-nightly]: Command `extension.js-debug.startProfile` already registered by JavaScript Debugger (ms-vscode.js-debug)
2025-09-20 14:36:16.024 [info] [ms-vscode.js-debug-nightly]: Command `extension.js-debug.stopProfile` already registered by JavaScript Debugger (ms-vscode.js-debug)
2025-09-20 14:36:16.024 [info] [ms-vscode.js-debug-nightly]: Command `extension.js-debug.revealPage` already registered by JavaScript Debugger (ms-vscode.js-debug)
2025-09-20 14:36:16.025 [info] [ms-vscode.js-debug-nightly]: Command `extension.js-debug.debugLink` already registered by JavaScript Debugger (ms-vscode.js-debug)
2025-09-20 14:36:16.025 [info] [ms-vscode.js-debug-nightly]: Command `extension.js-debug.createDiagnostics` already registered by JavaScript Debugger (ms-vscode.js-debug)
2025-09-20 14:36:16.025 [info] [ms-vscode.js-debug-nightly]: Command `extension.js-debug.getDiagnosticLogs` already registered by JavaScript Debugger (ms-vscode.js-debug)
2025-09-20 14:36:16.025 [info] [ms-vscode.js-debug-nightly]: Command `extension.node-debug.startWithStopOnEntry` already registered by JavaScript Debugger (ms-vscode.js-debug)
2025-09-20 14:36:16.025 [info] [ms-vscode.js-debug-nightly]: Command `extension.js-debug.openEdgeDevTools` already registered by JavaScript Debugger (ms-vscode.js-debug)
2025-09-20 14:36:16.025 [info] [ms-vscode.js-debug-nightly]: Command `extension.js-debug.callers.add` already registered by JavaScript Debugger (ms-vscode.js-debug)
2025-09-20 14:36:16.025 [info] [ms-vscode.js-debug-nightly]: Command `extension.js-debug.callers.remove` already registered by JavaScript Debugger (ms-vscode.js-debug)
2025-09-20 14:36:16.025 [info] [ms-vscode.js-debug-nightly]: Command `extension.js-debug.callers.removeAll` already registered by JavaScript Debugger (ms-vscode.js-debug)
2025-09-20 14:36:16.025 [info] [ms-vscode.js-debug-nightly]: Command `extension.js-debug.callers.goToCaller` already registered by JavaScript Debugger (ms-vscode.js-debug)
2025-09-20 14:36:16.026 [info] [ms-vscode.js-debug-nightly]: Command `extension.js-debug.callers.gotToTarget` already registered by JavaScript Debugger (ms-vscode.js-debug)
2025-09-20 14:36:16.026 [info] [ms-vscode.js-debug-nightly]: Command `extension.js-debug.enableSourceMapStepping` already registered by JavaScript Debugger (ms-vscode.js-debug)
2025-09-20 14:36:16.026 [info] [ms-vscode.js-debug-nightly]: Command `extension.js-debug.disableSourceMapStepping` already registered by JavaScript Debugger (ms-vscode.js-debug)
2025-09-20 14:36:16.026 [info] [ms-vscode.js-debug-nightly]: Command `extension.js-debug.network.viewRequest` already registered by JavaScript Debugger (ms-vscode.js-debug)
2025-09-20 14:36:16.026 [info] [ms-vscode.js-debug-nightly]: Command `extension.js-debug.network.clear` already registered by JavaScript Debugger (ms-vscode.js-debug)
2025-09-20 14:36:16.026 [info] [ms-vscode.js-debug-nightly]: Command `extension.js-debug.network.openBody` already registered by JavaScript Debugger (ms-vscode.js-debug)
2025-09-20 14:36:16.026 [info] [ms-vscode.js-debug-nightly]: Command `extension.js-debug.network.openBodyInHex` already registered by JavaScript Debugger (ms-vscode.js-debug)
2025-09-20 14:36:16.026 [info] [ms-vscode.js-debug-nightly]: Command `extension.js-debug.network.replayXHR` already registered by JavaScript Debugger (ms-vscode.js-debug)
2025-09-20 14:36:16.027 [info] [ms-vscode.js-debug-nightly]: Command `extension.js-debug.network.copyUri` already registered by JavaScript Debugger (ms-vscode.js-debug)
2025-09-20 14:36:16.034 [error] [GitHub.vscode-pull-request-github]: commentsView/commentThread/context is a proposed menu identifier. It requires 'package.json#enabledApiProposals: ["contribCommentsViewThreadMenus"]' and is only available when running out of dev or with the following command line switch: --enable-proposed-api GitHub.vscode-pull-request-github
2025-09-20 14:36:16.034 [error] [GitHub.vscode-pull-request-github]: editor/content is a proposed menu identifier. It requires 'package.json#enabledApiProposals: ["contribEditorContentMenu"]' and is only available when running out of dev or with the following command line switch: --enable-proposed-api GitHub.vscode-pull-request-github
2025-09-20 14:36:16.034 [error] [GitHub.vscode-pull-request-github]: comments/comment/editorActions is a proposed menu identifier. It requires 'package.json#enabledApiProposals: ["contribCommentEditorActionsMenu"]' and is only available when running out of dev or with the following command line switch: --enable-proposed-api GitHub.vscode-pull-request-github
2025-09-20 14:36:16.034 [error] [GitHub.vscode-pull-request-github]: comments/commentThread/additionalActions is a proposed menu identifier. It requires 'package.json#enabledApiProposals: ["contribCommentThreadAdditionalMenu"]' and is only available when running out of dev or with the following command line switch: --enable-proposed-api GitHub.vscode-pull-request-github
2025-09-20 14:36:16.034 [error] [GitHub.vscode-pull-request-github]: comments/commentThread/title/context is a proposed menu identifier. It requires 'package.json#enabledApiProposals: ["contribCommentPeekContext"]' and is only available when running out of dev or with the following command line switch: --enable-proposed-api GitHub.vscode-pull-request-github
2025-09-20 14:36:16.035 [error] [GitHub.vscode-pull-request-github]: comments/commentThread/comment/context is a proposed menu identifier. It requires 'package.json#enabledApiProposals: ["contribCommentPeekContext"]' and is only available when running out of dev or with the following command line switch: --enable-proposed-api GitHub.vscode-pull-request-github
2025-09-20 14:36:16.035 [error] [GitHub.vscode-pull-request-github]: editor/context/share is a proposed menu identifier. It requires 'package.json#enabledApiProposals: ["contribShareMenu"]' and is only available when running out of dev or with the following command line switch: --enable-proposed-api GitHub.vscode-pull-request-github
2025-09-20 14:36:16.035 [error] [GitHub.vscode-pull-request-github]: file/share is a proposed menu identifier. It requires 'package.json#enabledApiProposals: ["contribShareMenu"]' and is only available when running out of dev or with the following command line switch: --enable-proposed-api GitHub.vscode-pull-request-github
2025-09-20 14:36:16.035 [error] [GitHub.vscode-pull-request-github]: editor/title/context/share is a proposed menu identifier. It requires 'package.json#enabledApiProposals: ["contribShareMenu"]' and is only available when running out of dev or with the following command line switch: --enable-proposed-api GitHub.vscode-pull-request-github
2025-09-20 14:36:16.035 [error] [GitHub.vscode-pull-request-github]: explorer/context/share is a proposed menu identifier. It requires 'package.json#enabledApiProposals: ["contribShareMenu"]' and is only available when running out of dev or with the following command line switch: --enable-proposed-api GitHub.vscode-pull-request-github
2025-09-20 14:36:16.035 [error] [ms-python.python]: editor/content is a proposed menu identifier. It requires 'package.json#enabledApiProposals: ["contribEditorContentMenu"]' and is only available when running out of dev or with the following command line switch: --enable-proposed-api ms-python.python
2025-09-20 14:36:16.042 [warning] [ms-vscode.js-debug-nightly]: Cannot register 'debug.javascript.codelens.npmScripts'. This property is already registered.
2025-09-20 14:36:16.042 [warning] [ms-vscode.js-debug-nightly]: Cannot register 'debug.javascript.terminalOptions'. This property is already registered.
2025-09-20 14:36:16.043 [warning] [ms-vscode.js-debug-nightly]: Cannot register 'debug.javascript.automaticallyTunnelRemoteServer'. This property is already registered.
2025-09-20 14:36:16.043 [warning] [ms-vscode.js-debug-nightly]: Cannot register 'debug.javascript.debugByLinkOptions'. This property is already registered.
2025-09-20 14:36:16.043 [warning] [ms-vscode.js-debug-nightly]: Cannot register 'debug.javascript.pickAndAttachOptions'. This property is already registered.
2025-09-20 14:36:16.043 [warning] [ms-vscode.js-debug-nightly]: Cannot register 'debug.javascript.autoAttachFilter'. This property is already registered.
2025-09-20 14:36:16.043 [warning] [ms-vscode.js-debug-nightly]: Cannot register 'debug.javascript.autoAttachSmartPattern'. This property is already registered.
2025-09-20 14:36:16.043 [warning] [ms-vscode.js-debug-nightly]: Cannot register 'debug.javascript.breakOnConditionalError'. This property is already registered.
2025-09-20 14:36:16.043 [warning] [ms-vscode.js-debug-nightly]: Cannot register 'debug.javascript.unmapMissingSources'. This property is already registered.
2025-09-20 14:36:16.044 [warning] [ms-vscode.js-debug-nightly]: Cannot register 'debug.javascript.defaultRuntimeExecutable'. This property is already registered.
2025-09-20 14:36:16.044 [warning] [ms-vscode.js-debug-nightly]: Cannot register 'debug.javascript.resourceRequestOptions'. This property is already registered.
2025-09-20 14:36:16.044 [warning] [ms-vscode.js-debug-nightly]: Cannot register 'debug.javascript.enableNetworkView'. This property is already registered.
2025-09-20 14:36:16.083 [error] [ms-vscode.js-debug-nightly]: Cannot register multiple views with same id `jsBrowserBreakpoints`
2025-09-20 14:36:16.083 [error] [ms-vscode.js-debug-nightly]: Cannot register multiple views with same id `jsExcludedCallers`
2025-09-20 14:36:16.083 [error] [ms-vscode.js-debug-nightly]: Cannot register multiple views with same id `jsDebugNetworkTree`
2025-09-20 14:36:16.774 [info] [perf] Render performance baseline is 55ms
2025-09-20 14:36:18.070 [error] [Extension Host] (node:393816) [DEP0060] DeprecationWarning: The `util._extend` API is deprecated. Please use Object.assign() instead.
(Use `exe --trace-deprecation ...` to show where the warning was created)
2025-09-20 14:36:31.178 [warning] Authentication provider tabnine was not declared in the Extension Manifest.
2025-09-20 14:37:19.771 [info] Auto updating outdated extensions. dbaeumer.vscode-eslint, eamodio.gitlens, editorconfig.editorconfig, eliverlara.andromeda, equinusocio.vsc-material-theme, equinusocio.vsc-material-theme-icons, franneck94.c-cpp-runner, github.vscode-pull-request-github, llvm-vs-code-extensions.vscode-clangd, ms-azuretools.vscode-docker, ms-dotnettools.csharp, ms-dotnettools.vscode-dotnet-runtime, ms-python.debugpy, ms-python.python, ms-python.vscode-pylance, ms-toolsai.jupyter, ms-toolsai.jupyter-renderers, ms-vscode.cmake-tools, ms-vscode.cpptools, ms-vscode.cpptools-extension-pack, ms-vscode.js-debug-nightly, ms-vscode.vscode-typescript-next, robbowen.synthwave-vscode, tabnine.tabnine-vscode, usernamehw.errorlens, vadimcn.vscode-lldb, vscode-icons-team.vscode-icons, vscodevim.vim, vsls-contrib.codetour, zhuangtongfa.material-theme
2025-09-20 14:37:21.875 [info] Auto update consent required for extensions equinusocio.vsc-material-theme-icons
2025-09-20 14:37:41.374 [info] [ms-vscode.js-debug-nightly]: Command `extension.js-debug.prettyPrint` already registered by JavaScript Debugger (ms-vscode.js-debug)
2025-09-20 14:37:41.374 [info] [ms-vscode.js-debug-nightly]: Command `extension.js-debug.toggleSkippingFile` already registered by JavaScript Debugger (ms-vscode.js-debug)
2025-09-20 14:37:41.374 [info] [ms-vscode.js-debug-nightly]: Command `extension.js-debug.addCustomBreakpoints` already registered by JavaScript Debugger (ms-vscode.js-debug)
2025-09-20 14:37:41.375 [info] [ms-vscode.js-debug-nightly]: Command `extension.js-debug.removeAllCustomBreakpoints` already registered by JavaScript Debugger (ms-vscode.js-debug)
2025-09-20 14:37:41.375 [info] [ms-vscode.js-debug-nightly]: Command `extension.js-debug.addXHRBreakpoints` already registered by JavaScript Debugger (ms-vscode.js-debug)
2025-09-20 14:37:41.375 [info] [ms-vscode.js-debug-nightly]: Command `extension.js-debug.removeXHRBreakpoint` already registered by JavaScript Debugger (ms-vscode.js-debug)
2025-09-20 14:37:41.375 [info] [ms-vscode.js-debug-nightly]: Command `extension.js-debug.editXHRBreakpoints` already registered by JavaScript Debugger (ms-vscode.js-debug)
2025-09-20 14:37:41.376 [info] [ms-vscode.js-debug-nightly]: Command `extension.pwa-node-debug.attachNodeProcess` already registered by JavaScript Debugger (ms-vscode.js-debug)
2025-09-20 14:37:41.376 [info] [ms-vscode.js-debug-nightly]: Command `extension.js-debug.npmScript` already registered by JavaScript Debugger (ms-vscode.js-debug)
2025-09-20 14:37:41.376 [info] [ms-vscode.js-debug-nightly]: Command `extension.js-debug.createDebuggerTerminal` already registered by JavaScript Debugger (ms-vscode.js-debug)
2025-09-20 14:37:41.376 [info] [ms-vscode.js-debug-nightly]: Command `extension.js-debug.startProfile` already registered by JavaScript Debugger (ms-vscode.js-debug)
2025-09-20 14:37:41.376 [info] [ms-vscode.js-debug-nightly]: Command `extension.js-debug.stopProfile` already registered by JavaScript Debugger (ms-vscode.js-debug)
2025-09-20 14:37:41.377 [info] [ms-vscode.js-debug-nightly]: Command `extension.js-debug.revealPage` already registered by JavaScript Debugger (ms-vscode.js-debug)
2025-09-20 14:37:41.377 [info] [ms-vscode.js-debug-nightly]: Command `extension.js-debug.debugLink` already registered by JavaScript Debugger (ms-vscode.js-debug)
2025-09-20 14:37:41.377 [info] [ms-vscode.js-debug-nightly]: Command `extension.js-debug.createDiagnostics` already registered by JavaScript Debugger (ms-vscode.js-debug)
2025-09-20 14:37:41.377 [info] [ms-vscode.js-debug-nightly]: Command `extension.js-debug.getDiagnosticLogs` already registered by JavaScript Debugger (ms-vscode.js-debug)
2025-09-20 14:37:41.378 [info] [ms-vscode.js-debug-nightly]: Command `extension.node-debug.startWithStopOnEntry` already registered by JavaScript Debugger (ms-vscode.js-debug)
2025-09-20 14:37:41.378 [info] [ms-vscode.js-debug-nightly]: Command `extension.js-debug.openEdgeDevTools` already registered by JavaScript Debugger (ms-vscode.js-debug)
2025-09-20 14:37:41.378 [info] [ms-vscode.js-debug-nightly]: Command `extension.js-debug.callers.add` already registered by JavaScript Debugger (ms-vscode.js-debug)
2025-09-20 14:37:41.378 [info] [ms-vscode.js-debug-nightly]: Command `extension.js-debug.callers.remove` already registered by JavaScript Debugger (ms-vscode.js-debug)
2025-09-20 14:37:41.378 [info] [ms-vscode.js-debug-nightly]: Command `extension.js-debug.callers.removeAll` already registered by JavaScript Debugger (ms-vscode.js-debug)
2025-09-20 14:37:41.379 [info] [ms-vscode.js-debug-nightly]: Command `extension.js-debug.callers.goToCaller` already registered by JavaScript Debugger (ms-vscode.js-debug)
2025-09-20 14:37:41.379 [info] [ms-vscode.js-debug-nightly]: Command `extension.js-debug.callers.gotToTarget` already registered by JavaScript Debugger (ms-vscode.js-debug)
2025-09-20 14:37:41.379 [info] [ms-vscode.js-debug-nightly]: Command `extension.js-debug.enableSourceMapStepping` already registered by JavaScript Debugger (ms-vscode.js-debug)
2025-09-20 14:37:41.379 [info] [ms-vscode.js-debug-nightly]: Command `extension.js-debug.disableSourceMapStepping` already registered by JavaScript Debugger (ms-vscode.js-debug)
2025-09-20 14:37:41.380 [info] [ms-vscode.js-debug-nightly]: Command `extension.js-debug.network.viewRequest` already registered by JavaScript Debugger (ms-vscode.js-debug)
2025-09-20 14:37:41.380 [info] [ms-vscode.js-debug-nightly]: Command `extension.js-debug.network.clear` already registered by JavaScript Debugger (ms-vscode.js-debug)
2025-09-20 14:37:41.380 [info] [ms-vscode.js-debug-nightly]: Command `extension.js-debug.network.openBody` already registered by JavaScript Debugger (ms-vscode.js-debug)
2025-09-20 14:37:41.380 [info] [ms-vscode.js-debug-nightly]: Command `extension.js-debug.network.openBodyInHex` already registered by JavaScript Debugger (ms-vscode.js-debug)
2025-09-20 14:37:41.380 [info] [ms-vscode.js-debug-nightly]: Command `extension.js-debug.network.replayXHR` already registered by JavaScript Debugger (ms-vscode.js-debug)
2025-09-20 14:37:41.381 [info] [ms-vscode.js-debug-nightly]: Command `extension.js-debug.network.copyUri` already registered by JavaScript Debugger (ms-vscode.js-debug)
2025-09-20 14:37:41.387 [error] [GitHub.vscode-pull-request-github]: commentsView/commentThread/context is a proposed menu identifier. It requires 'package.json#enabledApiProposals: ["contribCommentsViewThreadMenus"]' and is only available when running out of dev or with the following command line switch: --enable-proposed-api GitHub.vscode-pull-request-github
2025-09-20 14:37:41.387 [error] [GitHub.vscode-pull-request-github]: editor/content is a proposed menu identifier. It requires 'package.json#enabledApiProposals: ["contribEditorContentMenu"]' and is only available when running out of dev or with the following command line switch: --enable-proposed-api GitHub.vscode-pull-request-github
2025-09-20 14:37:41.387 [error] [GitHub.vscode-pull-request-github]: comments/comment/editorActions is a proposed menu identifier. It requires 'package.json#enabledApiProposals: ["contribCommentEditorActionsMenu"]' and is only available when running out of dev or with the following command line switch: --enable-proposed-api GitHub.vscode-pull-request-github
2025-09-20 14:37:41.388 [error] [GitHub.vscode-pull-request-github]: comments/commentThread/additionalActions is a proposed menu identifier. It requires 'package.json#enabledApiProposals: ["contribCommentThreadAdditionalMenu"]' and is only available when running out of dev or with the following command line switch: --enable-proposed-api GitHub.vscode-pull-request-github
2025-09-20 14:37:41.388 [error] [GitHub.vscode-pull-request-github]: comments/commentThread/title/context is a proposed menu identifier. It requires 'package.json#enabledApiProposals: ["contribCommentPeekContext"]' and is only available when running out of dev or with the following command line switch: --enable-proposed-api GitHub.vscode-pull-request-github
2025-09-20 14:37:41.388 [error] [GitHub.vscode-pull-request-github]: comments/commentThread/comment/context is a proposed menu identifier. It requires 'package.json#enabledApiProposals: ["contribCommentPeekContext"]' and is only available when running out of dev or with the following command line switch: --enable-proposed-api GitHub.vscode-pull-request-github
2025-09-20 14:37:41.388 [error] [GitHub.vscode-pull-request-github]: editor/context/share is a proposed menu identifier. It requires 'package.json#enabledApiProposals: ["contribShareMenu"]' and is only available when running out of dev or with the following command line switch: --enable-proposed-api GitHub.vscode-pull-request-github
2025-09-20 14:37:41.389 [error] [GitHub.vscode-pull-request-github]: file/share is a proposed menu identifier. It requires 'package.json#enabledApiProposals: ["contribShareMenu"]' and is only available when running out of dev or with the following command line switch: --enable-proposed-api GitHub.vscode-pull-request-github
2025-09-20 14:37:41.389 [error] [GitHub.vscode-pull-request-github]: editor/title/context/share is a proposed menu identifier. It requires 'package.json#enabledApiProposals: ["contribShareMenu"]' and is only available when running out of dev or with the following command line switch: --enable-proposed-api GitHub.vscode-pull-request-github
2025-09-20 14:37:41.389 [error] [GitHub.vscode-pull-request-github]: explorer/context/share is a proposed menu identifier. It requires 'package.json#enabledApiProposals: ["contribShareMenu"]' and is only available when running out of dev or with the following command line switch: --enable-proposed-api GitHub.vscode-pull-request-github
2025-09-20 14:37:41.389 [error] [ms-python.python]: editor/content is a proposed menu identifier. It requires 'package.json#enabledApiProposals: ["contribEditorContentMenu"]' and is only available when running out of dev or with the following command line switch: --enable-proposed-api ms-python.python
